Removed Pin From Net: NetName=GND Pin=ANT1-0
Removed Pin From Net: NetName=GND Pin=ANT1-0
Removed Pin From Net: NetName=GND Pin=ANT1-0
Removed Pin From Net: NetName=GND Pin=ANT1-0
Removed Pin From Net: NetName=GND Pin=ANT_2-0
Removed Pin From Net: NetName=GND Pin=ANT_2-0
Removed Pin From Net: NetName=GND Pin=ANT_2-0
Removed Pin From Net: NetName=GND Pin=ANT_2-0
Removed Pin From Net: NetName=GND Pin=C1-1
Removed Pin From Net: NetName=GND Pin=C2-1
Removed Pin From Net: NetName=GND Pin=C4-1
Removed Pin From Net: NetName=GND Pin=C5-1
Removed Pin From Net: NetName=GND Pin=C7-2
Removed Pin From Net: NetName=GND Pin=C8-2
Removed Pin From Net: NetName=GND Pin=C9-2
Removed Pin From Net: NetName=1V8 Pin=C10-1
Removed Pin From Net: NetName=GND Pin=C10-2
Removed Pin From Net: NetName=GND Pin=C13-1
Removed Pin From Net: NetName=GND Pin=C14-1
Removed Pin From Net: NetName=GND Pin=C15-1
Removed Pin From Net: NetName=GND Pin=C17-2
Removed Pin From Net: NetName=GND Pin=d1-2
Removed Pin From Net: NetName=GND Pin=D2-A
Removed Pin From Net: NetName=GND Pin=H1-H
Removed Pin From Net: NetName=GND Pin=H2-H
Removed Pin From Net: NetName=GND Pin=H3-H
Removed Pin From Net: NetName=GND Pin=H4-H
Removed Pin From Net: NetName=GND Pin=J1-2
Removed Pin From Net: NetName=GND Pin=J1-2
Removed Pin From Net: NetName=GND Pin=J2-2
Removed Pin From Net: NetName=GND Pin=J2-2
Removed Pin From Net: NetName=GND Pin=J3-C5
Removed Pin From Net: NetName=GND Pin=J4-A1B12
Removed Pin From Net: NetName=D+ Pin=J4-A6
Removed Pin From Net: NetName=D- Pin=J4-A7
Removed Pin From Net: NetName=GND Pin=J4-B1A12
Removed Pin From Net: NetName=D+ Pin=J4-B6
Removed Pin From Net: NetName=D- Pin=J4-B7
Removed Pin From Net: NetName=GND Pin=J4-SH
Removed Pin From Net: NetName=GND Pin=J4-SH
Removed Pin From Net: NetName=GND Pin=J4-SH
Removed Pin From Net: NetName=GND Pin=J4-SH
Removed Pin From Net: NetName=GND Pin=LED1-2
Removed Pin From Net: NetName=RST Pin=P1-6
Removed Pin From Net: NetName=GND Pin=P1-11
Removed Pin From Net: NetName=GND Pin=P1-12
Removed Pin From Net: NetName=GND Pin=Q1-2
Removed Pin From Net: NetName=GND Pin=Q2-2
Removed Pin From Net: NetName=GND Pin=Q3-2
Removed Pin From Net: NetName=NetLED1_1 Pin=R1-1
Removed Pin From Net: NetName=GND Pin=R6-1
Removed Pin From Net: NetName=NetQ1_1 Pin=R7-1
Removed Pin From Net: NetName=RST Pin=R7-2
Removed Pin From Net: NetName=GND Pin=R8-1
Removed Pin From Net: NetName=NetQ1_1 Pin=R8-2
Removed Pin From Net: NetName=1V8 Pin=R9-1
Removed Pin From Net: NetName=NetQ2_1 Pin=R10-1
Removed Pin From Net: NetName=GND Pin=R11-2
Removed Pin From Net: NetName=GND Pin=R12-1
Removed Pin From Net: NetName=NetQ2_1 Pin=R12-2
Removed Pin From Net: NetName=NetQ3_1 Pin=R18-1
Removed Pin From Net: NetName=GND Pin=R19-1
Removed Pin From Net: NetName=GND Pin=R20-1
Removed Pin From Net: NetName=GND Pin=R21-1
Removed Pin From Net: NetName=GND Pin=SIM7600-1
Removed Pin From Net: NetName=GND Pin=SIM7600-2
Removed Pin From Net: NetName=GND Pin=SIM7600-5
Removed Pin From Net: NetName=GND Pin=SIM7600-10
Removed Pin From Net: NetName=D- Pin=SIM7600-12
Removed Pin From Net: NetName=D+ Pin=SIM7600-13
Removed Pin From Net: NetName=GND Pin=SIM7600-14
Removed Pin From Net: NetName=1V8 Pin=SIM7600-15
Removed Pin From Net: NetName=GND Pin=SIM7600-37
Removed Pin From Net: NetName=GND Pin=SIM7600-40
Removed Pin From Net: NetName=GND Pin=SIM7600-41
Removed Pin From Net: NetName=GND Pin=SIM7600-43
Removed Pin From Net: NetName=GND Pin=SIM7600-57
Removed Pin From Net: NetName=GND Pin=SIM7600-58
Removed Pin From Net: NetName=GND Pin=SIM7600-60
Removed Pin From Net: NetName=GND Pin=SIM7600-61
Removed Pin From Net: NetName=GND Pin=SIM7600-64
Removed Pin From Net: NetName=GND Pin=SIM7600-65
Removed Pin From Net: NetName=GND Pin=SIM7600-77
Removed Pin From Net: NetName=GND Pin=SIM7600-78
Removed Pin From Net: NetName=GND Pin=SIM7600-80
Removed Pin From Net: NetName=GND Pin=SIM7600-81
Removed Pin From Net: NetName=GND Pin=T? tantalum 1-2
Removed Pin From Net: NetName=GND Pin=T? tantalum 2-2
Removed Pin From Net: NetName=GND Pin=T? tantalum 7343 477C 16V 470uF 7.3x4.3mm-2
Removed Pin From Net: NetName=GND Pin=U3-2
Removed Pin From Net: NetName=1V8 Pin=U3-3
Removed Pin From Net: NetName=GND Pin=U4-5
Removed Pin From Net: NetName=NetC16_1 Pin=U-6
Removed Member From Class: ClassName=Sheet Member=*
Removed Member From Class: ClassName=Sheet Member=ANT1
Removed Member From Class: ClassName=Sheet Member=ANT_2
Removed Member From Class: ClassName=Sheet Member=C1
Removed Member From Class: ClassName=Sheet Member=f1
Removed Member From Class: ClassName=Sheet Member=FB1
Removed Member From Class: ClassName=Sheet Member=H1
Removed Member From Class: ClassName=Sheet Member=H2
Removed Member From Class: ClassName=Sheet Member=H3
Removed Member From Class: ClassName=Sheet Member=H4
Removed Member From Class: ClassName=Sheet Member=P1
Removed Member From Class: ClassName=Sheet Member=SIM7600
Removed Member From Class: ClassName=Sheet Member=T? tantalum 1
Removed Member From Class: ClassName=Sheet Member=T? tantalum 2
Removed Member From Class: ClassName=Sheet Member=T? tantalum 7343 477C 16V 470uF 7.3x4.3mm
Removed Member From Class: ClassName=Sheet Member=U4
Change Component Footprint: Designator=D3 Old Footprint=B340A New Footprint=D_0402
Change Component Footprint: Designator=C3 Old Footprint=CAP_0805 New Footprint=CAP_0603
Change Component Footprint: Designator=C4 Old Footprint=CAP_0805 New Footprint=CAP_0603
Change Component Footprint: Designator=C5 Old Footprint=CAP_0805 New Footprint=CAP_0603
Change Component Footprint: Designator=C6 Old Footprint=CAP_0805 New Footprint=CAP_0603
Change Component Footprint: Designator=C7 Old Footprint=CAP_0805 New Footprint=CAP_0603
Change Component Footprint: Designator=C8 Old Footprint=CAP_0805 New Footprint=CAP_0603
Change Component Footprint: Designator=C9 Old Footprint=CAP_0805 New Footprint=CAP_0603
Change Component Footprint: Designator=C10 Old Footprint=CAP_0805 New Footprint=CAP_0603
Change Component Footprint: Designator=C11 Old Footprint=CAP_0805 New Footprint=CAP_0603
Change Component Footprint: Designator=C12 Old Footprint=CAP_0805 New Footprint=CAP_0603
Change Component Footprint: Designator=C13 Old Footprint=CAP_0805 New Footprint=CAP_0603
Change Component Footprint: Designator=C14 Old Footprint=CAP_0805 New Footprint=CAP_0603
Change Component Footprint: Designator=C15 Old Footprint=CAP_0805 New Footprint=CAP_0603
Change Component Footprint: Designator=C16 Old Footprint=CAP_0805 New Footprint=CAP_0603
Change Component Footprint: Designator=C2 Old Footprint=CAP_1210 New Footprint=CAP_0603
Change Component Footprint: Designator=C17 Old Footprint=CAPAE120103X105N New Footprint=CAP_0603
Change Component Footprint: Designator=J3 Old Footprint=CUI_MSIM-2-A New Footprint=U.FL-R-SMT-1(60)
Change Component Footprint: Designator=d1 Old Footprint=LED-0805-Red New Footprint=B340A
Change Component Footprint: Designator=L1 Old Footprint=LED-0805-Red New Footprint=IND_0603
Change Component Footprint: Designator=R1 Old Footprint=RES_0805 New Footprint=RES_0603
Change Component Footprint: Designator=R2 Old Footprint=RES_0805 New Footprint=RES_0603
Change Component Footprint: Designator=R3 Old Footprint=RES_0805 New Footprint=RES_0603
Change Component Footprint: Designator=R4 Old Footprint=RES_0805 New Footprint=RES_0603
Change Component Footprint: Designator=R5 Old Footprint=RES_0805 New Footprint=RES_0603
Change Component Footprint: Designator=R6 Old Footprint=RES_0805 New Footprint=RES_0603
Change Component Footprint: Designator=R7 Old Footprint=RES_0805 New Footprint=RES_0603
Change Component Footprint: Designator=R8 Old Footprint=RES_0805 New Footprint=RES_0603
Change Component Footprint: Designator=R9 Old Footprint=RES_0805 New Footprint=RES_0603
Change Component Footprint: Designator=R10 Old Footprint=RES_0805 New Footprint=RES_0603
Change Component Footprint: Designator=R11 Old Footprint=RES_0805 New Footprint=RES_0603
Change Component Footprint: Designator=R12 Old Footprint=RES_0805 New Footprint=RES_0603
Change Component Footprint: Designator=R13 Old Footprint=RES_0805 New Footprint=RES_0603
Change Component Footprint: Designator=R14 Old Footprint=RES_0805 New Footprint=RES_0603
Change Component Footprint: Designator=R15 Old Footprint=RES_0805 New Footprint=RES_0603
Change Component Footprint: Designator=R16 Old Footprint=RES_0805 New Footprint=RES_0603
Change Component Footprint: Designator=R17 Old Footprint=RES_0805 New Footprint=RES_0603
Change Component Footprint: Designator=R18 Old Footprint=RES_0805 New Footprint=RES_0603
Change Component Footprint: Designator=R19 Old Footprint=RES_0805 New Footprint=RES_0603
Change Component Footprint: Designator=R20 Old Footprint=RES_0805 New Footprint=RES_0603
Change Component Footprint: Designator=R21 Old Footprint=RES_0805 New Footprint=RES_0603
Change Component Footprint: Designator=U Old Footprint=SOIC-8 New Footprint=TO263-5
Change Component Footprint: Designator=U3 Old Footprint=txb0102 New Footprint=TSOT-26-6
Change Component Footprint: Designator=J4 Old Footprint=TYPE-C-31-M-12 New Footprint=U.FL-R-SMT-1(60)
Change Component Footprint: Designator=J1 Old Footprint=U.FL-R-SMT-1(60) New Footprint=TYPE-C-31-M-12
Change Component Footprint: Designator=J2 Old Footprint=U.FL-R-SMT-1(60) New Footprint=USB3100-30-A
Change Component Comment : Designator=C17 Old Comment=1000u New Comment=C0603
Change Component Comment : Designator=D3 Old Comment=B340A-13 New Comment=D_TVS_0402
Change Component Comment : Designator=C4 Old Comment=C0805 New Comment=1uF
Change Component Comment : Designator=C7 Old Comment=C0805 New Comment=1uF
Change Component Comment : Designator=C12 Old Comment=C0805 New Comment=1uF
Change Component Comment : Designator=C6 Old Comment=C0805 New Comment=10uF
Change Component Comment : Designator=C8 Old Comment=C0805 New Comment=10uF
Change Component Comment : Designator=C9 Old Comment=C0805 New Comment=10uF
Change Component Comment : Designator=C13 Old Comment=C0805 New Comment=22nF
Change Component Comment : Designator=C10 Old Comment=C0805 New Comment=33pF
Change Component Comment : Designator=C16 Old Comment=C0805 New Comment=33pF
Change Component Comment : Designator=C3 Old Comment=C0805 New Comment=100nF
Change Component Comment : Designator=C5 Old Comment=C0805 New Comment=100nF
Change Component Comment : Designator=C11 Old Comment=C0805 New Comment=100nF
Change Component Comment : Designator=C14 Old Comment=C0805 New Comment=100nF
Change Component Comment : Designator=C15 Old Comment=C0805 New Comment=100nF
Change Component Comment : Designator=C2 Old Comment=C1210 New Comment=100nF
Change Component Comment : Designator=L1 Old Comment=LED 0805 New Comment=47nH
Change Component Comment : Designator=LED1 Old Comment=LED 0805 New Comment=red
Change Component Comment : Designator=d1 Old Comment=LED_0805_RED New Comment=B340A-13
Change Component Comment : Designator=U Old Comment=MP1482 New Comment=MIC29302
Change Component Comment : Designator=J3 Old Comment=MSIM-2-A New Comment=U.FL-R-SMT-1(60)
Change Component Comment : Designator=R4 Old Comment=R0805 New Comment=0
Change Component Comment : Designator=R5 Old Comment=R0805 New Comment=0
Change Component Comment : Designator=R9 Old Comment=R0805 New Comment=0
Change Component Comment : Designator=R10 Old Comment=R0805 New Comment=0
Change Component Comment : Designator=R11 Old Comment=R0805 New Comment=0
Change Component Comment : Designator=R12 Old Comment=R0805 New Comment=1K
Change Component Comment : Designator=R13 Old Comment=R0805 New Comment=1K
Change Component Comment : Designator=R17 Old Comment=R0805 New Comment=1K
Change Component Comment : Designator=R6 Old Comment=R0805 New Comment=4.7K
Change Component Comment : Designator=R7 Old Comment=R0805 New Comment=4.7K
Change Component Comment : Designator=R1 Old Comment=R0805 New Comment=10K
Change Component Comment : Designator=R2 Old Comment=R0805 New Comment=10K
Change Component Comment : Designator=R3 Old Comment=R0805 New Comment=10K
Change Component Comment : Designator=R8 Old Comment=R0805 New Comment=10K
Change Component Comment : Designator=R14 Old Comment=R0805 New Comment=10K
Change Component Comment : Designator=R15 Old Comment=R0805 New Comment=10K
Change Component Comment : Designator=R16 Old Comment=R0805 New Comment=10K
Change Component Comment : Designator=R18 Old Comment=R0805 New Comment=10K
Change Component Comment : Designator=R19 Old Comment=R0805 New Comment=22R
Change Component Comment : Designator=R20 Old Comment=R0805 New Comment=22R
Change Component Comment : Designator=R21 Old Comment=R0805 New Comment=470R
Change Component Comment : Designator=U3 Old Comment=TXB0102DCUR New Comment=TPD4E001
Change Component Comment : Designator=J4 Old Comment=TYPE-C-31-M-12 New Comment=U.FL-R-SMT-1(60)
Change Component Comment : Designator=J1 Old Comment=U.FL-R-SMT-1(60) New Comment=TYPE-C-31-M-12
Change Component Comment : Designator=J2 Old Comment=U.FL-R-SMT-1(60) New Comment=USB3100-30-A
Change component parameters: Designator = "C17" ("C17"); Footprint = "CAPAE120103X105N"; UniqueID = "\NHVKMFPR" ("\NHVKMFPR")
Change component parameters (AddParameter): Name = "Dielectric"; Value = ""; VariantName = "[No Variations]"
Change component parameters (AddParameter): Name = "Distributor Link"; Value = ""; VariantName = "[No Variations]"
Change component parameters (AddParameter): Name = "LCSC"; Value = ""; VariantName = "[No Variations]"
Change component parameters (AddParameter): Name = "Manufacturer"; Value = ""; VariantName = "[No Variations]"
Change component parameters (AddParameter): Name = "Manufacturer Part Number"; Value = ""; VariantName = "[No Variations]"
Change component parameters (AddParameter): Name = "Rating"; Value = ""; VariantName = "[No Variations]"
Change component parameters: Designator = "d1" ("D1"); Footprint = "LED-0805-Red"; UniqueID = "\CURVXCPF" ("\CURVXCPF")
Change component parameters (AddParameter): Name = "Availability"; Value = "In Stock"; VariantName = "[No Variations]"
Change component parameters (AddParameter): Name = "Check_prices"; Value = "https://www.snapeda.com/parts/B340A-13/Diodes+Inc./view-part/?ref=eda"; VariantName = "[No Variations]"
Change component parameters (AddParameter): Name = "MF"; Value = "Diodes Inc."; VariantName = "[No Variations]"
Change component parameters (AddParameter): Name = "MP"; Value = "B340A-13"; VariantName = "[No Variations]"
Change component parameters (AddParameter): Name = "Package"; Value = "DO-214 Diodes Inc."; VariantName = "[No Variations]"
Change component parameters (AddParameter): Name = "Price"; Value = "None"; VariantName = "[No Variations]"
Change component parameters (AddParameter): Name = "Purchase-URL"; Value = "https://pricing.snapeda.com/search/part/B340A-13/?ref=eda"; VariantName = "[No Variations]"
Change component parameters (AddParameter): Name = "SnapEDA_Link"; Value = "https://www.snapeda.com/parts/B340A-13/Diodes+Inc./view-part/?ref=snap"; VariantName = "[No Variations]"
Change component parameters (AddParameter): Name = "Value"; Value = ""; VariantName = "[No Variations]"
Change component parameters: Designator = "D3" ("D3"); Footprint = "B340A"; UniqueID = "\YFISPTEM" ("\YFISPTEM")
Change component parameters: Designator = "J1" ("J1"); Footprint = "U.FL-R-SMT-1(60)"; UniqueID = "\KWJMLLKS" ("\KWJMLLKS")
Change component parameters (AddParameter): Name = "Manufacturer"; Value = "Koren Hroparts"; VariantName = "[No Variations]"
Change component parameters (AddParameter): Name = "Manufacturer Part Number"; Value = "TYPE-C-31-M-12"; VariantName = "[No Variations]"
Change component parameters: Designator = "J2" ("J2"); Footprint = "U.FL-R-SMT-1(60)"; UniqueID = "\KEIPMDZE" ("\KEIPMDZE")
Change component parameters (AddParameter): Name = "Manufacturer"; Value = "GCT"; VariantName = "[No Variations]"
Change component parameters (AddParameter): Name = "Manufacturer Part Number"; Value = "USB3100-30-A"; VariantName = "[No Variations]"
Change component parameters: Designator = "J3" ("J3"); Footprint = "CUI_MSIM-2-A"; UniqueID = "\GUGGBXRF" ("\GUGGBXRF")
Change component parameters (AddParameter): Name = "Manufacturer"; Value = "Hirose Connector"; VariantName = "[No Variations]"
Change component parameters (AddParameter): Name = "Manufacturer Part Number"; Value = "U.FL-R-SMT-1(60)"; VariantName = "[No Variations]"
Change component parameters: Designator = "J4" ("J4"); Footprint = "TYPE-C-31-M-12"; UniqueID = "\QWIFQQUO" ("\QWIFQQUO")
Change component parameters (AddParameter): Name = "Manufacturer"; Value = "Hirose Connector"; VariantName = "[No Variations]"
Change component parameters (AddParameter): Name = "Manufacturer Part Number"; Value = "U.FL-R-SMT-1(60)"; VariantName = "[No Variations]"
Change component parameters: Designator = "L1" ("L1"); Footprint = "LED-0805-Red"; UniqueID = "\RQSWVSNG" ("\RQSWVSNG")
Change component parameters: Designator = "LED1" ("LED1"); Footprint = "LED-0805-Red"; UniqueID = "\TCEJULGR" ("\TCEJULGR")
Change component parameters: Designator = "U3" ("U3"); Footprint = "txb0102"; UniqueID = "\LVBHRLMW" ("\LVBHRLMW")
Added Component: Designator=ANT(AMCA92-2R660G-S1F-T)
Added Component: Designator=C18(CAP_0603)
Add component (AddParameter): Name = "Dielectric"; Value = ""; VariantName = "[No Variations]"
Add component (AddParameter): Name = "Distributor Link"; Value = ""; VariantName = "[No Variations]"
Add component (AddParameter): Name = "LCSC"; Value = ""; VariantName = "[No Variations]"
Add component (AddParameter): Name = "Manufacturer"; Value = ""; VariantName = "[No Variations]"
Add component (AddParameter): Name = "Manufacturer Part Number"; Value = ""; VariantName = "[No Variations]"
Add component (AddParameter): Name = "Rating"; Value = ""; VariantName = "[No Variations]"
Added Component: Designator=C19(CAP_0603)
Add component (AddParameter): Name = "Dielectric"; Value = ""; VariantName = "[No Variations]"
Add component (AddParameter): Name = "Distributor Link"; Value = ""; VariantName = "[No Variations]"
Add component (AddParameter): Name = "LCSC"; Value = ""; VariantName = "[No Variations]"
Add component (AddParameter): Name = "Manufacturer"; Value = ""; VariantName = "[No Variations]"
Add component (AddParameter): Name = "Manufacturer Part Number"; Value = ""; VariantName = "[No Variations]"
Add component (AddParameter): Name = "Rating"; Value = ""; VariantName = "[No Variations]"
Added Component: Designator=C20(CAP_0603)
Add component (AddParameter): Name = "Dielectric"; Value = ""; VariantName = "[No Variations]"
Add component (AddParameter): Name = "Distributor Link"; Value = ""; VariantName = "[No Variations]"
Add component (AddParameter): Name = "LCSC"; Value = ""; VariantName = "[No Variations]"
Add component (AddParameter): Name = "Manufacturer"; Value = ""; VariantName = "[No Variations]"
Add component (AddParameter): Name = "Manufacturer Part Number"; Value = ""; VariantName = "[No Variations]"
Add component (AddParameter): Name = "Rating"; Value = ""; VariantName = "[No Variations]"
Added Component: Designator=C21(CAP_0603)
Add component (AddParameter): Name = "Dielectric"; Value = ""; VariantName = "[No Variations]"
Add component (AddParameter): Name = "Distributor Link"; Value = ""; VariantName = "[No Variations]"
Add component (AddParameter): Name = "LCSC"; Value = ""; VariantName = "[No Variations]"
Add component (AddParameter): Name = "Manufacturer"; Value = ""; VariantName = "[No Variations]"
Add component (AddParameter): Name = "Manufacturer Part Number"; Value = ""; VariantName = "[No Variations]"
Add component (AddParameter): Name = "Rating"; Value = ""; VariantName = "[No Variations]"
Added Component: Designator=C22(CAP_0603)
Add component (AddParameter): Name = "Dielectric"; Value = ""; VariantName = "[No Variations]"
Add component (AddParameter): Name = "Distributor Link"; Value = ""; VariantName = "[No Variations]"
Add component (AddParameter): Name = "LCSC"; Value = ""; VariantName = "[No Variations]"
Add component (AddParameter): Name = "Manufacturer"; Value = ""; VariantName = "[No Variations]"
Add component (AddParameter): Name = "Manufacturer Part Number"; Value = ""; VariantName = "[No Variations]"
Add component (AddParameter): Name = "Rating"; Value = ""; VariantName = "[No Variations]"
Added Component: Designator=C23(CAP_0603)
Add component (AddParameter): Name = "Dielectric"; Value = ""; VariantName = "[No Variations]"
Add component (AddParameter): Name = "Distributor Link"; Value = ""; VariantName = "[No Variations]"
Add component (AddParameter): Name = "LCSC"; Value = ""; VariantName = "[No Variations]"
Add component (AddParameter): Name = "Manufacturer"; Value = ""; VariantName = "[No Variations]"
Add component (AddParameter): Name = "Manufacturer Part Number"; Value = ""; VariantName = "[No Variations]"
Add component (AddParameter): Name = "Rating"; Value = ""; VariantName = "[No Variations]"
Added Component: Designator=C24(CAP_0603)
Add component (AddParameter): Name = "Dielectric"; Value = ""; VariantName = "[No Variations]"
Add component (AddParameter): Name = "Distributor Link"; Value = ""; VariantName = "[No Variations]"
Add component (AddParameter): Name = "LCSC"; Value = ""; VariantName = "[No Variations]"
Add component (AddParameter): Name = "Manufacturer"; Value = ""; VariantName = "[No Variations]"
Add component (AddParameter): Name = "Manufacturer Part Number"; Value = ""; VariantName = "[No Variations]"
Add component (AddParameter): Name = "Rating"; Value = ""; VariantName = "[No Variations]"
Added Component: Designator=C25(CAP_0603)
Add component (AddParameter): Name = "Dielectric"; Value = ""; VariantName = "[No Variations]"
Add component (AddParameter): Name = "Distributor Link"; Value = ""; VariantName = "[No Variations]"
Add component (AddParameter): Name = "LCSC"; Value = ""; VariantName = "[No Variations]"
Add component (AddParameter): Name = "Manufacturer"; Value = ""; VariantName = "[No Variations]"
Add component (AddParameter): Name = "Manufacturer Part Number"; Value = ""; VariantName = "[No Variations]"
Add component (AddParameter): Name = "Rating"; Value = ""; VariantName = "[No Variations]"
Added Component: Designator=C26(CAP_0603)
Add component (AddParameter): Name = "Dielectric"; Value = ""; VariantName = "[No Variations]"
Add component (AddParameter): Name = "Distributor Link"; Value = ""; VariantName = "[No Variations]"
Add component (AddParameter): Name = "LCSC"; Value = ""; VariantName = "[No Variations]"
Add component (AddParameter): Name = "Manufacturer"; Value = ""; VariantName = "[No Variations]"
Add component (AddParameter): Name = "Manufacturer Part Number"; Value = ""; VariantName = "[No Variations]"
Add component (AddParameter): Name = "Rating"; Value = ""; VariantName = "[No Variations]"
Added Component: Designator=C27(CAP_0603)
Add component (AddParameter): Name = "Dielectric"; Value = ""; VariantName = "[No Variations]"
Add component (AddParameter): Name = "Distributor Link"; Value = ""; VariantName = "[No Variations]"
Add component (AddParameter): Name = "LCSC"; Value = ""; VariantName = "[No Variations]"
Add component (AddParameter): Name = "Manufacturer"; Value = ""; VariantName = "[No Variations]"
Add component (AddParameter): Name = "Manufacturer Part Number"; Value = ""; VariantName = "[No Variations]"
Add component (AddParameter): Name = "Rating"; Value = ""; VariantName = "[No Variations]"
Added Component: Designator=C50(tu tantalum smd7343)
Added Component: Designator= C51(tu tantalum smd7343)
Added Component: Designator=D4(D_0402)
Added Component: Designator=J5(GCT_SIM8066-6-1-14-01-A_REVA)
Add component (AddParameter): Name = "Availability"; Value = "Unavailable"; VariantName = "[No Variations]"
Add component (AddParameter): Name = "MF"; Value = ""; VariantName = "[No Variations]"
Add component (AddParameter): Name = "MP"; Value = "SIM8066-6-1-14-01-A_REVA"; VariantName = "[No Variations]"
Add component (AddParameter): Name = "Package"; Value = "None"; VariantName = "[No Variations]"
Add component (AddParameter): Name = "Price"; Value = "None"; VariantName = "[No Variations]"
Add component (AddParameter): Name = "Value"; Value = ""; VariantName = "[No Variations]"
Added Component: Designator=JP1(HDR1X6)
Add component (AddParameter): Name = "Chung_Loai"; Value = "C?m"; VariantName = "[No Variations]"
Add component (AddParameter): Name = "Don_Vi"; Value = "Con"; VariantName = "[No Variations]"
Add component (AddParameter): Name = "Ghi_Chu"; Value = ""; VariantName = "[No Variations]"
Add component (AddParameter): Name = "Kieu_Chan"; Value = ""; VariantName = "[No Variations]"
Add component (AddParameter): Name = "Ma_Hang"; Value = "MH000903"; VariantName = "[No Variations]"
Add component (AddParameter): Name = "Ten_Linh_Kien"; Value = "Jump Ðon Ð?c 2.54MM 1x40P Th?ng 11MM"; VariantName = "[No Variations]"
Added Component: Designator=LED(LED-0805-Red)
Added Component: Designator=R22(RES_0603)
Add component (AddParameter): Name = "Distributor Link"; Value = ""; VariantName = "[No Variations]"
Add component (AddParameter): Name = "LCSC"; Value = ""; VariantName = "[No Variations]"
Add component (AddParameter): Name = "Manufacturer"; Value = ""; VariantName = "[No Variations]"
Add component (AddParameter): Name = "Manufacturer Part Number"; Value = ""; VariantName = "[No Variations]"
Added Component: Designator=R23(RES_0603)
Add component (AddParameter): Name = "Distributor Link"; Value = ""; VariantName = "[No Variations]"
Add component (AddParameter): Name = "LCSC"; Value = ""; VariantName = "[No Variations]"
Add component (AddParameter): Name = "Manufacturer"; Value = ""; VariantName = "[No Variations]"
Add component (AddParameter): Name = "Manufacturer Part Number"; Value = ""; VariantName = "[No Variations]"
Added Component: Designator=R40(RES_0603)
Add component (AddParameter): Name = "Distributor Link"; Value = ""; VariantName = "[No Variations]"
Add component (AddParameter): Name = "LCSC"; Value = ""; VariantName = "[No Variations]"
Add component (AddParameter): Name = "Manufacturer"; Value = ""; VariantName = "[No Variations]"
Add component (AddParameter): Name = "Manufacturer Part Number"; Value = ""; VariantName = "[No Variations]"
Added Component: Designator=U1(MSOP-10)
Add component (AddParameter): Name = "Manufacturer"; Value = ""; VariantName = "[No Variations]"
Add component (AddParameter): Name = "Manufacturer Part Number"; Value = "CH340E"; VariantName = "[No Variations]"
Added Component: Designator=U2(SIM7600CE - duplicate)
Added Component: Designator=U5(SOT-23-5)
Added Component: Designator=U6(txb0102)
Add component (AddParameter): Name = "Digi-Key_Part_Number"; Value = "296-22862-1-ND"; VariantName = "[No Variations]"
Add component (AddParameter): Name = "DigiKey-Purchase-URL"; Value = "https://snapeda.com/shop?store=DigiKey&id=350005"; VariantName = "[No Variations]"
Add component (AddParameter): Name = "MF"; Value = "Texas Instruments"; VariantName = "[No Variations]"
Add component (AddParameter): Name = "Mouser-Purchase-URL"; Value = "https://snapeda.com/shop?store=Mouser&id=350005"; VariantName = "[No Variations]"
Add component (AddParameter): Name = "MP"; Value = "TXB0102DCUR"; VariantName = "[No Variations]"
Add component (AddParameter): Name = "Package"; Value = "VSSOP-8 Texas Instruments"; VariantName = "[No Variations]"
Add component (AddParameter): Name = "SnapEDA_Link"; Value = "https://www.snapeda.com/parts/TXB0102DCUR/Texas%20Instruments/view-part/350005/?ref=snap"; VariantName = "[No Variations]"
Add component (AddParameter): Name = "Texas_Instruments-Purchase-URL"; Value = "https://snapeda.com/shop?store=Texas+Instruments&id=350005"; VariantName = "[No Variations]"
Add component (AddParameter): Name = "Value"; Value = ""; VariantName = "[No Variations]"
Added Pin To Net: NetName=GND Pin=C10-1
Added Pin To Net: NetName=1V8 Pin=C15-1
Added Pin To Net: NetName=D+ Pin=J1-A6
Added Pin To Net: NetName=D- Pin=J1-A7
Added Pin To Net: NetName=D+ Pin=J1-B6
Added Pin To Net: NetName=D- Pin=J1-B7
Added Pin To Net: NetName=D- Pin=J2-2
Added Pin To Net: NetName=D+ Pin=J2-3
Added Pin To Net: NetName=RST Pin=JP1-1
Added Pin To Net: NetName=NetC16_1 Pin=L1-1
Added Pin To Net: NetName=GND Pin=R3-2
Added Pin To Net: NetName=1V8 Pin=R8-2
Added Pin To Net: NetName=NetQ1_1 Pin=R12-2
Added Pin To Net: NetName=RST Pin=R13-1
Added Pin To Net: NetName=NetQ2_1 Pin=R13-2
Added Pin To Net: NetName=NetQ1_1 Pin=R14-1
Added Pin To Net: NetName=NetQ2_1 Pin=R15-1
Added Pin To Net: NetName=NetLED1_1 Pin=R21-2
Added Pin To Net: NetName=NetQ3_1 Pin=R23-2
Added Pin To Net: NetName=NetC16_1 Pin=R40-1
Added Pin To Net: NetName=GND Pin=R40-2
Added Pin To Net: NetName=D+ Pin=U1-1
Added Pin To Net: NetName=D- Pin=U1-2
Added Pin To Net: NetName=D- Pin=U2-12
Added Pin To Net: NetName=D+ Pin=U2-13
Added Pin To Net: NetName=1V8 Pin=U2-15
Added Pin To Net: NetName=1V8 Pin=U6-3
Change Net Name : Old Net Name=GND New Net Name=+3V8
Added Pin To Net: NetName=3V3 Pin=C2-1
Added Pin To Net: NetName=3V3 Pin=C4-1
Added Pin To Net: NetName=3V3 Pin=C5-1
Added Pin To Net: NetName=3V3 Pin=C14-2
Added Pin To Net: NetName=3V3 Pin=R17-2
Added Pin To Net: NetName=3V3 Pin=U1-10
Added Pin To Net: NetName=3V3 Pin=U5-5
Added Pin To Net: NetName=3V3 Pin=U6-7
Added Net: Name=3V3
Added Pin To Net: NetName=3V8 Pin= C51-1
Added Pin To Net: NetName=3V8 Pin=C22-1
Added Pin To Net: NetName=3V8 Pin=C23-1
Added Pin To Net: NetName=3V8 Pin=C50-1
Added Pin To Net: NetName=3V8 Pin=U2-38
Added Pin To Net: NetName=3V8 Pin=U2-39
Added Pin To Net: NetName=3V8 Pin=U2-62
Added Pin To Net: NetName=3V8 Pin=U2-63
Added Net: Name=3V8
Added Pin To Net: NetName=5V Pin=C3-2
Added Pin To Net: NetName=5V Pin=C6-1
Added Pin To Net: NetName=5V Pin=C7-1
Added Pin To Net: NetName=5V Pin=C8-1
Added Pin To Net: NetName=5V Pin=C9-1
Added Pin To Net: NetName=5V Pin=d1-A
Added Pin To Net: NetName=5V Pin=J1-A4B9
Added Pin To Net: NetName=5V Pin=J1-B4A9
Added Pin To Net: NetName=5V Pin=J2-1
Added Pin To Net: NetName=5V Pin=JP1-6
Added Pin To Net: NetName=5V Pin=R1-1
Added Pin To Net: NetName=5V Pin=R2-1
Added Pin To Net: NetName=5V Pin=R6-2
Added Pin To Net: NetName=5V Pin=U-2
Added Pin To Net: NetName=5V Pin=U1-7
Added Pin To Net: NetName=5V Pin=U2-11
Added Pin To Net: NetName=5V Pin=U5-1
Added Net: Name=5V
Added Pin To Net: NetName=GND Pin= C51-2
Added Pin To Net: NetName=GND Pin=C2-2
Added Pin To Net: NetName=GND Pin=C3-1
Added Pin To Net: NetName=GND Pin=C4-2
Added Pin To Net: NetName=GND Pin=C5-2
Added Pin To Net: NetName=GND Pin=C6-2
Added Pin To Net: NetName=GND Pin=C7-2
Added Pin To Net: NetName=GND Pin=C8-2
Added Pin To Net: NetName=GND Pin=C9-2
Added Pin To Net: NetName=GND Pin=C10-2
Added Pin To Net: NetName=GND Pin=C11-2
Added Pin To Net: NetName=GND Pin=C12-2
Added Pin To Net: NetName=GND Pin=C13-2
Added Pin To Net: NetName=GND Pin=C14-1
Added Pin To Net: NetName=GND Pin=C15-2
Added Pin To Net: NetName=GND Pin=C16-2
Added Pin To Net: NetName=GND Pin=C17-1
Added Pin To Net: NetName=GND Pin=C19-1
Added Pin To Net: NetName=GND Pin=C20-1
Added Pin To Net: NetName=GND Pin=C21-1
Added Pin To Net: NetName=GND Pin=C22-2
Added Pin To Net: NetName=GND Pin=C23-2
Added Pin To Net: NetName=GND Pin=C24-1
Added Pin To Net: NetName=GND Pin=C25-1
Added Pin To Net: NetName=GND Pin=C26-1
Added Pin To Net: NetName=GND Pin=C27-1
Added Pin To Net: NetName=GND Pin=C50-2
Added Pin To Net: NetName=GND Pin=d1-C
Added Pin To Net: NetName=GND Pin=D2-A
Added Pin To Net: NetName=GND Pin=D3-A
Added Pin To Net: NetName=GND Pin=D4-A
Added Pin To Net: NetName=GND Pin=J1-A1B12
Added Pin To Net: NetName=GND Pin=J1-B1A12
Added Pin To Net: NetName=GND Pin=J1-SH
Added Pin To Net: NetName=GND Pin=J1-SH
Added Pin To Net: NetName=GND Pin=J1-SH
Added Pin To Net: NetName=GND Pin=J1-SH
Added Pin To Net: NetName=GND Pin=J2-5
Added Pin To Net: NetName=GND Pin=J2-SH
Added Pin To Net: NetName=GND Pin=J2-SH
Added Pin To Net: NetName=GND Pin=J2-SH
Added Pin To Net: NetName=GND Pin=J2-SH
Added Pin To Net: NetName=GND Pin=J3-2
Added Pin To Net: NetName=GND Pin=J3-2
Added Pin To Net: NetName=GND Pin=J4-2
Added Pin To Net: NetName=GND Pin=J4-2
Added Pin To Net: NetName=GND Pin=J5-C5
Added Pin To Net: NetName=GND Pin=J5-CD
Added Pin To Net: NetName=GND Pin=J5-G1
Added Pin To Net: NetName=GND Pin=J5-G2
Added Pin To Net: NetName=GND Pin=J5-G3
Added Pin To Net: NetName=GND Pin=J5-G4
Added Pin To Net: NetName=GND Pin=JP1-5
Added Pin To Net: NetName=GND Pin=LED1-2
Added Pin To Net: NetName=GND Pin=Q1-2
Added Pin To Net: NetName=GND Pin=Q2-2
Added Pin To Net: NetName=GND Pin=Q3-2
Added Pin To Net: NetName=GND Pin=R7-1
Added Pin To Net: NetName=GND Pin=R11-1
Added Pin To Net: NetName=GND Pin=R14-2
Added Pin To Net: NetName=GND Pin=R15-2
Added Pin To Net: NetName=GND Pin=R16-1
Added Pin To Net: NetName=GND Pin=U-3
Added Pin To Net: NetName=GND Pin=U-3
Added Pin To Net: NetName=GND Pin=U1-3
Added Pin To Net: NetName=GND Pin=U2-1
Added Pin To Net: NetName=GND Pin=U2-2
Added Pin To Net: NetName=GND Pin=U2-5
Added Pin To Net: NetName=GND Pin=U2-10
Added Pin To Net: NetName=GND Pin=U2-14
Added Pin To Net: NetName=GND Pin=U2-37
Added Pin To Net: NetName=GND Pin=U2-40
Added Pin To Net: NetName=GND Pin=U2-41
Added Pin To Net: NetName=GND Pin=U2-43
Added Pin To Net: NetName=GND Pin=U2-57
Added Pin To Net: NetName=GND Pin=U2-58
Added Pin To Net: NetName=GND Pin=U2-60
Added Pin To Net: NetName=GND Pin=U2-61
Added Pin To Net: NetName=GND Pin=U2-64
Added Pin To Net: NetName=GND Pin=U2-65
Added Pin To Net: NetName=GND Pin=U2-77
Added Pin To Net: NetName=GND Pin=U2-78
Added Pin To Net: NetName=GND Pin=U2-80
Added Pin To Net: NetName=GND Pin=U2-81
Added Pin To Net: NetName=GND Pin=U3-5
Added Pin To Net: NetName=GND Pin=U5-2
Added Pin To Net: NetName=GND Pin=U6-2
Added Net: Name=GND
Added Pin To Net: NetName=LED_STATUS Pin=R21-1
Added Pin To Net: NetName=LED_STATUS Pin=U2-49
Added Net: Name=LED_STATUS
Added Pin To Net: NetName=NetANT_1 Pin=ANT-1
Added Pin To Net: NetName=NetANT_1 Pin=C17-2
Added Pin To Net: NetName=NetANT_1 Pin=D3-K
Added Pin To Net: NetName=NetANT_1 Pin=R9-1
Added Net: Name=NetANT_1
Added Pin To Net: NetName=NetC13_1 Pin=C13-1
Added Pin To Net: NetName=NetC13_1 Pin=U5-4
Added Net: Name=NetC13_1
Added Pin To Net: NetName=NetC18_1 Pin=C18-1
Added Pin To Net: NetName=NetC18_1 Pin=U2-79
Added Net: Name=NetC18_1
Added Pin To Net: NetName=NetC18_2 Pin=C18-2
Added Pin To Net: NetName=NetC18_2 Pin=D2-K
Added Pin To Net: NetName=NetC18_2 Pin=J3-1
Added Pin To Net: NetName=NetC18_2 Pin=L1-2
Added Net: Name=NetC18_2
Added Pin To Net: NetName=NetC19_2 Pin=C19-2
Added Pin To Net: NetName=NetC19_2 Pin=R9-2
Added Pin To Net: NetName=NetC19_2 Pin=U2-59
Added Net: Name=NetC19_2
Added Pin To Net: NetName=NetC20_2 Pin=C20-2
Added Pin To Net: NetName=NetC20_2 Pin=D4-K
Added Pin To Net: NetName=NetC20_2 Pin=J4-1
Added Pin To Net: NetName=NetC20_2 Pin=R10-2
Added Net: Name=NetC20_2
Added Pin To Net: NetName=NetC21_2 Pin=C21-2
Added Pin To Net: NetName=NetC21_2 Pin=R10-1
Added Pin To Net: NetName=NetC21_2 Pin=U2-82
Added Net: Name=NetC21_2
Added Pin To Net: NetName=NetC24_2 Pin=C24-2
Added Pin To Net: NetName=NetC24_2 Pin=R22-2
Added Pin To Net: NetName=NetC24_2 Pin=U2-19
Added Net: Name=NetC24_2
Added Pin To Net: NetName=NetC25_2 Pin=C25-2
Added Pin To Net: NetName=NetC25_2 Pin=R20-2
Added Pin To Net: NetName=NetC25_2 Pin=U2-18
Added Net: Name=NetC25_2
Added Pin To Net: NetName=NetC26_2 Pin=C26-2
Added Pin To Net: NetName=NetC26_2 Pin=R19-2
Added Pin To Net: NetName=NetC26_2 Pin=U2-17
Added Net: Name=NetC26_2
Added Pin To Net: NetName=NetC27_2 Pin=C27-2
Added Pin To Net: NetName=NetC27_2 Pin=J5-C1
Added Pin To Net: NetName=NetC27_2 Pin=R18-1
Added Pin To Net: NetName=NetC27_2 Pin=U2-20
Added Pin To Net: NetName=NetC27_2 Pin=U3-2
Added Net: Name=NetC27_2
Added Pin To Net: NetName=NetJ5_C2 Pin=J5-C2
Added Pin To Net: NetName=NetJ5_C2 Pin=R20-1
Added Pin To Net: NetName=NetJ5_C2 Pin=U3-4
Added Net: Name=NetJ5_C2
Added Pin To Net: NetName=NetJ5_C3 Pin=J5-C3
Added Pin To Net: NetName=NetJ5_C3 Pin=R22-1
Added Pin To Net: NetName=NetJ5_C3 Pin=U3-3
Added Net: Name=NetJ5_C3
Added Pin To Net: NetName=NetJ5_C7 Pin=J5-C7
Added Pin To Net: NetName=NetJ5_C7 Pin=R18-2
Added Pin To Net: NetName=NetJ5_C7 Pin=R19-1
Added Pin To Net: NetName=NetJ5_C7 Pin=U3-6
Added Net: Name=NetJ5_C7
Added Pin To Net: NetName=NetLED_1 Pin=LED-1
Added Pin To Net: NetName=NetLED_1 Pin=R17-1
Added Net: Name=NetLED_1
Added Pin To Net: NetName=NetLED_2 Pin=LED-2
Added Pin To Net: NetName=NetLED_2 Pin=Q3-3
Added Net: Name=NetLED_2
Added Pin To Net: NetName=NETLIGHT Pin=R23-1
Added Pin To Net: NetName=NETLIGHT Pin=U2-51
Added Net: Name=NETLIGHT
Added Pin To Net: NetName=NetR1_2 Pin=R1-2
Added Pin To Net: NetName=NetR1_2 Pin=U5-3
Added Net: Name=NetR1_2
Added Pin To Net: NetName=NetR2_2 Pin=R2-2
Added Pin To Net: NetName=NetR2_2 Pin=U-1
Added Net: Name=NetR2_2
Added Pin To Net: NetName=NetR3_1 Pin=R3-1
Added Pin To Net: NetName=NetR3_1 Pin=R7-2
Added Pin To Net: NetName=NetR3_1 Pin=U-5
Added Net: Name=NetR3_1
Added Pin To Net: NetName=NetR4_1 Pin=R4-1
Added Pin To Net: NetName=NetR4_1 Pin=U1-8
Added Net: Name=NetR4_1
Added Pin To Net: NetName=NetR5_1 Pin=R5-1
Added Pin To Net: NetName=NetR5_1 Pin=U1-9
Added Net: Name=NetR5_1
Added Pin To Net: NetName=NetR6_1 Pin=R6-1
Added Pin To Net: NetName=NetR6_1 Pin=U1-4
Added Net: Name=NetR6_1
Added Pin To Net: NetName=NetR8_1 Pin=R8-1
Added Pin To Net: NetName=NetR8_1 Pin=U6-6
Added Net: Name=NetR8_1
Added Pin To Net: NetName=NetR16_2 Pin=R16-2
Added Pin To Net: NetName=NetR16_2 Pin=U2-85
Added Net: Name=NetR16_2
Added Pin To Net: NetName=POW Pin=JP1-2
Added Pin To Net: NetName=POW Pin=R12-1
Added Net: Name=POW
Added Pin To Net: NetName=SIM_POW Pin=Q1-3
Added Pin To Net: NetName=SIM_POW Pin=R11-2
Added Pin To Net: NetName=SIM_POW Pin=U2-3
Added Net: Name=SIM_POW
Added Pin To Net: NetName=SIM_RST Pin=Q2-3
Added Pin To Net: NetName=SIM_RST Pin=U2-4
Added Net: Name=SIM_RST
Added Pin To Net: NetName=SIM_RX Pin=U2-68
Added Pin To Net: NetName=SIM_RX Pin=U6-5
Added Net: Name=SIM_RX
Added Pin To Net: NetName=SIM_TX Pin=U2-71
Added Pin To Net: NetName=SIM_TX Pin=U6-4
Added Net: Name=SIM_TX
Added Pin To Net: NetName=UART_RX Pin=JP1-4
Added Pin To Net: NetName=UART_RX Pin=R4-2
Added Pin To Net: NetName=UART_RX Pin=U6-8
Added Net: Name=UART_RX
Added Pin To Net: NetName=UART_TX Pin=JP1-3
Added Pin To Net: NetName=UART_TX Pin=R5-2
Added Pin To Net: NetName=UART_TX Pin=U6-1
Added Net: Name=UART_TX
Added Pin To Net: NetName=VDD_AUX Pin=U2-44
Added Net: Name=VDD_AUX
Change Class Name : Old Net Name=Sheet New Net Name=sim7600CE
Added Member To Class: ClassName=sim7600CE Member=Component ANT ANT MAIN
Added Member To Class: ClassName=sim7600CE Member=Component C18 22pF
Added Member To Class: ClassName=sim7600CE Member=Component C19 C0603
Added Member To Class: ClassName=sim7600CE Member=Component C20 C0603
Added Member To Class: ClassName=sim7600CE Member=Component C21 C0603
Added Member To Class: ClassName=sim7600CE Member=Component C22 100nF
Added Member To Class: ClassName=sim7600CE Member=Component C23 100nF
Added Member To Class: ClassName=sim7600CE Member=Component C24 22pF
Added Member To Class: ClassName=sim7600CE Member=Component C25 22pF
Added Member To Class: ClassName=sim7600CE Member=Component C26 22pF
Added Member To Class: ClassName=sim7600CE Member=Component C27 100uF
Added Member To Class: ClassName=sim7600CE Member=Component C50 470nF/10V
Added Member To Class: ClassName=sim7600CE Member=Component  C51 100uF/10V
Added Member To Class: ClassName=sim7600CE Member=Component D4 D_TVS_0402
Added Member To Class: ClassName=sim7600CE Member=Component J5 SIM8066-6-1-14-01-A_REVA
Added Member To Class: ClassName=sim7600CE Member=Component JP1 JP 1x6 2.54
Added Member To Class: ClassName=sim7600CE Member=Component LED red
Added Member To Class: ClassName=sim7600CE Member=Component R22 22R
Added Member To Class: ClassName=sim7600CE Member=Component R23 470R
Added Member To Class: ClassName=sim7600CE Member=Component R40 10R
Added Member To Class: ClassName=sim7600CE Member=Component U1 CH340E
Added Member To Class: ClassName=sim7600CE Member=Component U2 SIM760x
Added Member To Class: ClassName=sim7600CE Member=Component U5 RT9193-ADJ
Added Member To Class: ClassName=sim7600CE Member=Component U6 TXB0102DCUR
Added Room: Name=sim7600CE
