<html>
<body>
<pre>
<h1>µVision Build Log</h1>
<h2>Tool Versions:</h2>
IDE-Version: µVision V5.36.0.0
Copyright (C) 2021 ARM Ltd and ARM Germany GmbH. All rights reserved.
License Information: admin admin, admin, LIC=D0D7S-LF5J1-MMB9I-TSQ7F-NE0B1-30HP8
 
Tool Versions:
Toolchain:       MDK-ARM Plus  Version: 5.36.0.0
Toolchain Path:  C:\Keil_v5\ARM\ARMCC\Bin
C Compiler:      Armcc.exe V5.06 update 7 (build 960)
Assembler:       Armasm.exe V5.06 update 7 (build 960)
Linker/Locator:  ArmLink.exe V5.06 update 7 (build 960)
Library Manager: ArmAr.exe V5.06 update 7 (build 960)
Hex Converter:   FromElf.exe V5.06 update 7 (build 960)
CPU DLL:         SARMCM3.DLL V5.36.0.0
Dialog DLL:      DARMCM1.DLL V1.19.4.0
Target DLL:      STLink\ST-LINKIII-KEIL_SWO.dll V3.0.9.0
Dialog DLL:      TARMCM1.DLL V1.14.4.0
 
<h2>Project:</h2>
D:\Desktop\Altium-designer\SMART_KEY\Firmware\Smart_key\MDK-ARM\Smart_key.uvprojx
Project File Date:  04/17/2026

<h2>Output:</h2>
*** Using Compiler 'V5.06 update 7 (build 960)', folder: 'C:\Keil_v5\ARM\ARMCC\Bin'
Rebuild target 'Smart_key'
*** Scatter Error: no default 'Read/Write' range selected
compiling stm32g0xx_ll_rcc.c...
compiling stm32g0xx_hal_spi_ex.c...
assembling startup_stm32g030xx.s...
compiling stm32g0xx_hal_flash.c...
compiling stm32g0xx_hal_rcc.c...
compiling stm32g0xx_it.c...
compiling stm32g0xx_hal_msp.c...
compiling stm32g0xx_hal_flash_ex.c...
compiling stm32g0xx_hal_rcc_ex.c...
compiling main.c...
../Core/Src/main.c(131): warning:  #1295-D: Deprecated declaration AntennaOn - give arg types
  void AntennaOn();
../Core/Src/main.c(132): warning:  #1295-D: Deprecated declaration AntennaOff - give arg types
  void AntennaOff();
../Core/Src/main.c(133): warning:  #1295-D: Deprecated declaration MFRC522_Reset - give arg types
  void MFRC522_Reset();
../Core/Src/main.c(134): warning:  #1295-D: Deprecated declaration MFRC522_Init - give arg types
  void MFRC522_Init();
../Core/Src/main.c(143): warning:  #1295-D: Deprecated declaration MFRC522_Halt - give arg types
  void MFRC522_Halt();
../Core/Src/main.c(721): warning:  #550-D: variable "status"  was set but never used
    u_char status;
../Core/Src/main.c: 6 warnings, 0 errors
compiling stm32g0xx_hal_gpio.c...
compiling stm32g0xx_hal_spi.c...
compiling stm32g0xx_hal_dma_ex.c...
compiling stm32g0xx_hal_dma.c...
compiling stm32g0xx_hal_pwr.c...
compiling stm32g0xx_hal_pwr_ex.c...
compiling stm32g0xx_hal_cortex.c...
compiling system_stm32g0xx.c...
compiling stm32g0xx_hal.c...
compiling stm32g0xx_hal_exti.c...
linking...
Program Size: Code=7716 RO-data=328 RW-data=24 ZI-data=1752  
"Smart_key\Smart_key.axf" - 0 Error(s), 6 Warning(s).

<h2>Software Packages used:</h2>

Package Vendor: ARM
                http://www.keil.com/pack/ARM.CMSIS.5.8.0.pack
                ARM.CMSIS.5.8.0
                CMSIS (Common Microcontroller Software Interface Standard)
   * Component: CORE Version: 5.5.0

Package Vendor: Keil
                https://www.keil.com/pack/Keil.STM32G0xx_DFP.2.1.0.pack
                Keil.STM32G0xx_DFP.2.1.0
                STMicroelectronics STM32G0 Series Device Support

<h2>Collection of Component include folders:</h2>
  .\RTE\_Smart_key
  C:\Users\Admin\AppData\Local\Arm\Packs\ARM\CMSIS\5.8.0\CMSIS\Core\Include

<h2>Collection of Component Files used:</h2>

   * Component: ARM::CMSIS:CORE:5.5.0
      Include file:  CMSIS\Core\Include\tz_context.h
Build Time Elapsed:  00:00:01
</pre>
</body>
</html>
