<html>
<body>
<pre>
<h1>µVision Build Log</h1>
<h2>Tool Versions:</h2>
IDE-Version: µVision V5.25.2.0
Copyright (C) 2018 ARM Ltd and ARM Germany GmbH. All rights reserved.
License Information: a a, a, LIC=58512-9XQP3-RXLUD-8ZDNR-JBCKZ-2VEWX
 
Tool Versions:
Toolchain:       MDK-ARM Plus  Version: 5.25.2.0
Toolchain Path:  C:\Keil_v5\ARM\ARMCC\Bin
C Compiler:      Armcc.exe V5.06 update 6 (build 750)
Assembler:       Armasm.exe V5.06 update 6 (build 750)
Linker/Locator:  ArmLink.exe V5.06 update 6 (build 750)
Library Manager: ArmAr.exe V5.06 update 6 (build 750)
Hex Converter:   FromElf.exe V5.06 update 6 (build 750)
CPU DLL:         SARMCM3.DLL V5.25.2.0
Dialog DLL:      DARMCM1.DLL V1.19.1.0
Target DLL:      STLink\ST-LINKIII-KEIL_SWO.dll V3.0.1.0
Dialog DLL:      TARMCM1.DLL V1.14.0.0
 
<h2>Project:</h2>
C:\Users\TIENDT\Desktop\Complementary_Filter\GOC_QUAY_VO_LANG\GOC_QUAY_VO_LANG\MDK-ARM\GOC_QUAY_VO_LANG.uvprojx
Project File Date:  05/27/2025

<h2>Output:</h2>
*** Using Compiler 'V5.06 update 6 (build 750)', folder: 'C:\Keil_v5\ARM\ARMCC\Bin'
Rebuild target 'GOC_QUAY_VO_LANG'
assembling startup_stm32f030x8.s...
compiling stm32f0xx_it.c...
compiling stm32f0xx_hal_msp.c...
compiling main.c...
../Core/Src/main.c(128): warning:  #550-D: variable "ucData"  was set but never used
  	unsigned char ucData;
../Core/Src/main.c(409): warning:  #111-D: statement is unreachable
  			 break;
../Core/Src/main.c(413): warning:  #111-D: statement is unreachable
  			 break;
../Core/Src/main.c(417): warning:  #111-D: statement is unreachable
  			 break;
../Core/Src/main.c(421): warning:  #111-D: statement is unreachable
  			 break;
../Core/Src/main.c(423): warning:  #940-D: missing return statement at end of non-void function "GetAres" 
  }
../Core/Src/main.c(435): warning:  #111-D: statement is unreachable
  			  break;
../Core/Src/main.c(439): warning:  #111-D: statement is unreachable
  			  break;
../Core/Src/main.c(443): warning:  #111-D: statement is unreachable
  			 break;
../Core/Src/main.c(447): warning:  #111-D: statement is unreachable
  			 break;
../Core/Src/main.c(449): warning:  #940-D: missing return statement at end of non-void function "GetGres" 
  }
../Core/Src/main.c: 11 warnings, 0 errors
compiling stm32f0xx_hal_i2c_ex.c...
compiling stm32f0xx_hal_rcc.c...
compiling stm32f0xx_hal_rcc_ex.c...
compiling stm32f0xx_hal_i2c.c...
compiling stm32f0xx_hal.c...
compiling stm32f0xx_hal_gpio.c...
compiling stm32f0xx_hal_dma.c...
compiling stm32f0xx_hal_cortex.c...
compiling stm32f0xx_hal_pwr.c...
compiling stm32f0xx_hal_pwr_ex.c...
compiling stm32f0xx_hal_flash.c...
compiling stm32f0xx_hal_exti.c...
compiling stm32f0xx_hal_flash_ex.c...
compiling stm32f0xx_hal_tim.c...
compiling stm32f0xx_hal_tim_ex.c...
compiling stm32f0xx_hal_uart.c...
compiling stm32f0xx_hal_uart_ex.c...
compiling system_stm32f0xx.c...
linking...
Program Size: Code=18812 RO-data=756 RW-data=100 ZI-data=2004  
FromELF: creating hex file...
"GOC_QUAY_VO_LANG\GOC_QUAY_VO_LANG.axf" - 0 Error(s), 11 Warning(s).

<h2>Software Packages used:</h2>

Package Vendor: ARM
                http://www.keil.com/pack/ARM.CMSIS.5.3.0.pack
                ARM.CMSIS.5.3.0
                CMSIS (Cortex Microcontroller Software Interface Standard)
   * Component: CORE Version: 5.1.1

Package Vendor: Keil
                http://www.keil.com/pack/Keil.STM32F0xx_DFP.2.0.0.pack
                Keil.STM32F0xx_DFP.2.0.0
                STMicroelectronics STM32F0 Series Device Support, Drivers and Examples

<h2>Collection of Component include folders:</h2>
  .\RTE\_GOC_QUAY_VO_LANG
  C:\Keil_v5\ARM\PACK\ARM\CMSIS\5.3.0\CMSIS\Include
  C:\Keil_v5\ARM\PACK\Keil\STM32F0xx_DFP\2.0.0\Drivers\CMSIS\Device\ST\STM32F0xx\Include

<h2>Collection of Component Files used:</h2>

   * Component: ARM::CMSIS:CORE:5.1.1
Build Time Elapsed:  00:00:05
</pre>
</body>
</html>
