Component: ARM Compiler 5.06 update 6 (build 750) Tool: armlink [4d35ed]

==============================================================================

Section Cross References

    startup_stm32f030x8.o(STACK) refers (Special) to heapauxi.o(.text) for __use_two_region_memory
    startup_stm32f030x8.o(HEAP) refers (Special) to heapauxi.o(.text) for __use_two_region_memory
    startup_stm32f030x8.o(RESET) refers (Special) to heapauxi.o(.text) for __use_two_region_memory
    startup_stm32f030x8.o(RESET) refers to startup_stm32f030x8.o(STACK) for __initial_sp
    startup_stm32f030x8.o(RESET) refers to startup_stm32f030x8.o(.text) for Reset_Handler
    startup_stm32f030x8.o(RESET) refers to stm32f0xx_it.o(i.NMI_Handler) for NMI_Handler
    startup_stm32f030x8.o(RESET) refers to stm32f0xx_it.o(i.HardFault_Handler) for HardFault_Handler
    startup_stm32f030x8.o(RESET) refers to stm32f0xx_it.o(i.SVC_Handler) for SVC_Handler
    startup_stm32f030x8.o(RESET) refers to stm32f0xx_it.o(i.PendSV_Handler) for PendSV_Handler
    startup_stm32f030x8.o(RESET) refers to main.o(i.SysTick_Handler) for SysTick_Handler
    startup_stm32f030x8.o(RESET) refers to main.o(i.USART1_IRQHandler) for USART1_IRQHandler
    startup_stm32f030x8.o(.text) refers (Special) to heapauxi.o(.text) for __use_two_region_memory
    startup_stm32f030x8.o(.text) refers to system_stm32f0xx.o(i.SystemInit) for SystemInit
    startup_stm32f030x8.o(.text) refers to __main.o(!!!main) for __main
    startup_stm32f030x8.o(.text) refers to startup_stm32f030x8.o(HEAP) for Heap_Mem
    startup_stm32f030x8.o(.text) refers to startup_stm32f030x8.o(STACK) for Stack_Mem
    main.o(i.Init) refers to stm32f0xx_hal_i2c.o(i.HAL_I2C_Mem_Write) for HAL_I2C_Mem_Write
    main.o(i.Init) refers to stm32f0xx_hal_i2c.o(i.HAL_I2C_Mem_Read) for HAL_I2C_Mem_Read
    main.o(i.Init) refers to main.o(.bss) for .bss
    main.o(i.MX_GPIO_Init) refers to rt_memclr.o(.text) for __aeabi_memclr4
    main.o(i.MX_GPIO_Init) refers to stm32f0xx_hal_gpio.o(i.HAL_GPIO_WritePin) for HAL_GPIO_WritePin
    main.o(i.MX_GPIO_Init) refers to stm32f0xx_hal_gpio.o(i.HAL_GPIO_Init) for HAL_GPIO_Init
    main.o(i.MX_I2C1_Init) refers to stm32f0xx_hal_i2c.o(i.HAL_I2C_Init) for HAL_I2C_Init
    main.o(i.MX_I2C1_Init) refers to stm32f0xx_hal_i2c_ex.o(i.HAL_I2CEx_ConfigAnalogFilter) for HAL_I2CEx_ConfigAnalogFilter
    main.o(i.MX_I2C1_Init) refers to stm32f0xx_hal_i2c_ex.o(i.HAL_I2CEx_ConfigDigitalFilter) for HAL_I2CEx_ConfigDigitalFilter
    main.o(i.MX_I2C1_Init) refers to main.o(.bss) for .bss
    main.o(i.MX_USART1_UART_Init) refers to stm32f0xx_hal_uart.o(i.HAL_UART_Init) for HAL_UART_Init
    main.o(i.MX_USART1_UART_Init) refers to main.o(.bss) for .bss
    main.o(i.OffsetBias) refers to rt_memclr.o(.text) for __aeabi_memclr4
    main.o(i.OffsetBias) refers to stm32f0xx_hal.o(i.HAL_Delay) for HAL_Delay
    main.o(i.OffsetBias) refers to main.o(i.ReadData) for ReadData
    main.o(i.OffsetBias) refers to fflti.o(.text) for __aeabi_i2f
    main.o(i.OffsetBias) refers to fmul.o(x$fpl$fmul) for __aeabi_fmul
    main.o(i.OffsetBias) refers to fscalbn.o(.text) for __ARM_scalbnf
    main.o(i.OffsetBias) refers to faddsub.o(x$fpl$fsub) for __aeabi_fsub
    main.o(i.OffsetBias) refers to faddsub.o(x$fpl$fadd) for __aeabi_fadd
    main.o(i.OffsetBias) refers to main.o(.data) for .data
    main.o(i.ReadData) refers to stm32f0xx_hal_i2c.o(i.HAL_I2C_Mem_Read) for HAL_I2C_Mem_Read
    main.o(i.ReadData) refers to main.o(.bss) for .bss
    main.o(i.ReadGData) refers to stm32f0xx_hal_i2c.o(i.HAL_I2C_Mem_Read) for HAL_I2C_Mem_Read
    main.o(i.ReadGData) refers to main.o(.bss) for .bss
    main.o(i.ReadXLData) refers to stm32f0xx_hal_i2c.o(i.HAL_I2C_Mem_Read) for HAL_I2C_Mem_Read
    main.o(i.ReadXLData) refers to main.o(.bss) for .bss
    main.o(i.Reset) refers to stm32f0xx_hal_i2c.o(i.HAL_I2C_Mem_Read) for HAL_I2C_Mem_Read
    main.o(i.Reset) refers to stm32f0xx_hal_i2c.o(i.HAL_I2C_Mem_Write) for HAL_I2C_Mem_Write
    main.o(i.Reset) refers to stm32f0xx_hal.o(i.HAL_Delay) for HAL_Delay
    main.o(i.Reset) refers to main.o(.bss) for .bss
    main.o(i.SelfTest) refers to stm32f0xx_hal_i2c.o(i.HAL_I2C_Mem_Write) for HAL_I2C_Mem_Write
    main.o(i.SelfTest) refers to stm32f0xx_hal.o(i.HAL_Delay) for HAL_Delay
    main.o(i.SelfTest) refers to stm32f0xx_hal_i2c.o(i.HAL_I2C_Mem_Read) for HAL_I2C_Mem_Read
    main.o(i.SelfTest) refers to main.o(i.ReadData) for ReadData
    main.o(i.SelfTest) refers to fflti.o(.text) for __aeabi_i2f
    main.o(i.SelfTest) refers to fdiv.o(.text) for __aeabi_fdiv
    main.o(i.SelfTest) refers to ffixi.o(.text) for __aeabi_f2iz
    main.o(i.SelfTest) refers to main.o(.bss) for .bss
    main.o(i.SendByteToUSART1) refers to main.o(.bss) for .bss
    main.o(i.SendDataToPC) refers to main.o(i.SendByteToUSART1) for SendByteToUSART1
    main.o(i.SysTick_Handler) refers to stm32f0xx_hal.o(i.HAL_IncTick) for HAL_IncTick
    main.o(i.SysTick_Handler) refers to main.o(.data) for .data
[...]
    Removing stm32f0xx_hal_uart.o(i.UART_DMATxAbortCallback), (54 bytes).
    Removing stm32f0xx_hal_uart.o(i.UART_DMATxHalfCplt), (10 bytes).
    Removing stm32f0xx_hal_uart.o(i.UART_DMATxOnlyAbortCallback), (20 bytes).
    Removing stm32f0xx_hal_uart.o(i.UART_EndTxTransfer), (32 bytes).
    Removing stm32f0xx_hal_uart.o(i.UART_RxISR_16BIT), (206 bytes).
    Removing stm32f0xx_hal_uart.o(i.UART_RxISR_8BIT), (206 bytes).
    Removing stm32f0xx_hal_uart.o(i.UART_Start_Receive_DMA), (172 bytes).
    Removing stm32f0xx_hal_uart.o(i.UART_Start_Receive_IT), (176 bytes).
    Removing stm32f0xx_hal_uart.o(i.UART_TxISR_16BIT), (94 bytes).
    Removing stm32f0xx_hal_uart.o(i.UART_TxISR_8BIT), (90 bytes).
    Removing stm32f0xx_hal_uart_ex.o(.rev16_text), (4 bytes).
    Removing stm32f0xx_hal_uart_ex.o(.revsh_text), (4 bytes).
    Removing stm32f0xx_hal_uart_ex.o(i.HAL_MultiProcessorEx_AddressLength_Set), (52 bytes).
    Removing stm32f0xx_hal_uart_ex.o(i.HAL_RS485Ex_Init), (136 bytes).
    Removing stm32f0xx_hal_uart_ex.o(i.HAL_UARTEx_GetRxEventType), (4 bytes).
    Removing stm32f0xx_hal_uart_ex.o(i.HAL_UARTEx_ReceiveToIdle), (308 bytes).
    Removing stm32f0xx_hal_uart_ex.o(i.HAL_UARTEx_ReceiveToIdle_DMA), (108 bytes).
    Removing stm32f0xx_hal_uart_ex.o(i.HAL_UARTEx_ReceiveToIdle_IT), (106 bytes).
    Removing system_stm32f0xx.o(.rev16_text), (4 bytes).
    Removing system_stm32f0xx.o(.revsh_text), (4 bytes).
    Removing system_stm32f0xx.o(i.SystemCoreClockUpdate), (108 bytes).
    Removing stm32f0xx_hal_dma.o(i.__ARM_common_switch8), (26 bytes).

293 unused section(s) (total 22812 bytes) removed from the image.

==============================================================================

Image Symbol Table

    Local Symbols

    Symbol Name                              Value     Ov Type        Size  Object(Section)

    ../Core/Src/main.c                       0x00000000   Number         0  main.o ABSOLUTE
    ../Core/Src/stm32f0xx_hal_msp.c          0x00000000   Number         0  stm32f0xx_hal_msp.o ABSOLUTE
    ../Core/Src/stm32f0xx_it.c               0x00000000   Number         0  stm32f0xx_it.o ABSOLUTE
    ../Core/Src/system_stm32f0xx.c           0x00000000   Number         0  system_stm32f0xx.o ABSOLUTE
    ../Drivers/STM32F0xx_HAL_Driver/Src/stm32f0xx_hal.c 0x00000000   Number         0  stm32f0xx_hal.o ABSOLUTE
    ../Drivers/STM32F0xx_HAL_Driver/Src/stm32f0xx_hal_cortex.c 0x00000000   Number         0  stm32f0xx_hal_cortex.o ABSOLUTE
    ../Drivers/STM32F0xx_HAL_Driver/Src/stm32f0xx_hal_dma.c 0x00000000   Number         0  stm32f0xx_hal_dma.o ABSOLUTE
    ../Drivers/STM32F0xx_HAL_Driver/Src/stm32f0xx_hal_exti.c 0x00000000   Number         0  stm32f0xx_hal_exti.o ABSOLUTE
    ../Drivers/STM32F0xx_HAL_Driver/Src/stm32f0xx_hal_flash.c 0x00000000   Number         0  stm32f0xx_hal_flash.o ABSOLUTE
    ../Drivers/STM32F0xx_HAL_Driver/Src/stm32f0xx_hal_flash_ex.c 0x00000000   Number         0  stm32f0xx_hal_flash_ex.o ABSOLUTE
    ../Drivers/STM32F0xx_HAL_Driver/Src/stm32f0xx_hal_gpio.c 0x00000000   Number         0  stm32f0xx_hal_gpio.o ABSOLUTE
    ../Drivers/STM32F0xx_HAL_Driver/Src/stm32f0xx_hal_i2c.c 0x00000000   Number         0  stm32f0xx_hal_i2c.o ABSOLUTE
    ../Drivers/STM32F0xx_HAL_Driver/Src/stm32f0xx_hal_i2c_ex.c 0x00000000   Number         0  stm32f0xx_hal_i2c_ex.o ABSOLUTE
    ../Drivers/STM32F0xx_HAL_Driver/Src/stm32f0xx_hal_pwr.c 0x00000000   Number         0  stm32f0xx_hal_pwr.o ABSOLUTE
    ../Drivers/STM32F0xx_HAL_Driver/Src/stm32f0xx_hal_pwr_ex.c 0x00000000   Number         0  stm32f0xx_hal_pwr_ex.o ABSOLUTE
    ../Drivers/STM32F0xx_HAL_Driver/Src/stm32f0xx_hal_rcc.c 0x00000000   Number         0  stm32f0xx_hal_rcc.o ABSOLUTE
    ../Drivers/STM32F0xx_HAL_Driver/Src/stm32f0xx_hal_rcc_ex.c 0x00000000   Number         0  stm32f0xx_hal_rcc_ex.o ABSOLUTE
    ../Drivers/STM32F0xx_HAL_Driver/Src/stm32f0xx_hal_tim.c 0x00000000   Number         0  stm32f0xx_hal_tim.o ABSOLUTE
    ../Drivers/STM32F0xx_HAL_Driver/Src/stm32f0xx_hal_tim_ex.c 0x00000000   Number         0  stm32f0xx_hal_tim_ex.o ABSOLUTE
    ../Drivers/STM32F0xx_HAL_Driver/Src/stm32f0xx_hal_uart.c 0x00000000   Number         0  stm32f0xx_hal_uart.o ABSOLUTE
    ../Drivers/STM32F0xx_HAL_Driver/Src/stm32f0xx_hal_uart_ex.c 0x00000000   Number         0  stm32f0xx_hal_uart_ex.o ABSOLUTE
    ../clib/angel/boardlib.s                 0x00000000   Number         0  boardshut.o ABSOLUTE
    ../clib/angel/boardlib.s                 0x00000000   Number         0  boardinit3.o ABSOLUTE
    ../clib/angel/boardlib.s                 0x00000000   Number         0  boardinit1.o ABSOLUTE
    ../clib/angel/boardlib.s                 0x00000000   Number         0  boardinit2.o ABSOLUTE
    ../clib/angel/handlers.s                 0x00000000   Number         0  __scatter_copy.o ABSOLUTE
    ../clib/angel/handlers.s                 0x00000000   Number         0  __scatter_zi.o ABSOLUTE
    ../clib/angel/kernel.s                   0x00000000   Number         0  __rtentry2.o ABSOLUTE
    ../clib/angel/kernel.s                   0x00000000   Number         0  rtexit.o ABSOLUTE
    ../clib/angel/kernel.s                   0x00000000   Number         0  __rtentry4.o ABSOLUTE
    ../clib/angel/kernel.s                   0x00000000   Number         0  rtexit2.o ABSOLUTE
    ../clib/angel/kernel.s                   0x00000000   Number         0  __rtentry.o ABSOLUTE
    ../clib/angel/rt.s                       0x00000000   Number         0  aeabi_idiv0.o ABSOLUTE
    ../clib/angel/rt.s                       0x00000000   Number         0  aeabi_idiv0_sigfpe.o ABSOLUTE
    ../clib/angel/rt.s                       0x00000000   Number         0  rt_div0.o ABSOLUTE
    ../clib/angel/rt.s                       0x00000000   Number         0  rt_raise.o ABSOLUTE
    ../clib/angel/rt.s                       0x00000000   Number         0  rt_errno_addr.o ABSOLUTE
    ../clib/angel/rt.s                       0x00000000   Number         0  rt_errno_addr_intlibspace.o ABSOLUTE
    ../clib/angel/rt.s                       0x00000000   Number         0  aeabi_ldiv0_sigfpe.o ABSOLUTE
    ../clib/angel/rt.s                       0x00000000   Number         0  aeabi_ldiv0.o ABSOLUTE
    ../clib/angel/scatterp.s                 0x00000000   Number         0  __scatter.o ABSOLUTE
    ../clib/angel/startup.s                  0x00000000   Number         0  __main.o ABSOLUTE
    ../clib/angel/sys.s                      0x00000000   Number         0  tempstk.o ABSOLUTE
    ../clib/angel/sys.s                      0x00000000   Number         0  libspace.o ABSOLUTE
    ../clib/angel/sys.s                      0x00000000   Number         0  use_no_semi.o ABSOLUTE
    ../clib/angel/sys.s                      0x00000000   Number         0  indicate_semi.o ABSOLUTE
    ../clib/angel/sys.s                      0x00000000   Number         0  sys_stackheap_outer.o ABSOLUTE
    ../clib/angel/sysapp.c                   0x00000000   Number         0  sys_wrch.o ABSOLUTE
    ../clib/angel/sysapp.c                   0x00000000   Number         0  sys_exit.o ABSOLUTE
    ../clib/angel/sysapp.c                   0x00000000   Number         0  sys_command.o ABSOLUTE
    ../clib/armsys.c                         0x00000000   Number         0  argv_veneer.o ABSOLUTE
    ../clib/armsys.c                         0x00000000   Number         0  _get_argv_nomalloc.o ABSOLUTE
    ../clib/armsys.c                         0x00000000   Number         0  no_argv.o ABSOLUTE
    ../clib/division.c                       0x00000000   Number         0  lludiv.o ABSOLUTE
    ../clib/division.s                       0x00000000   Number         0  aeabi_sdiv.o ABSOLUTE
    ../clib/division.s                       0x00000000   Number         0  aeabi_sdiv_div0.o ABSOLUTE
    ../clib/fenv.c                           0x00000000   Number         0  _rserrno.o ABSOLUTE
    ../clib/heapalloc.c                      0x00000000   Number         0  hrguard.o ABSOLUTE
    ../clib/heapaux.c                        0x00000000   Number         0  heapauxi.o ABSOLUTE
    ../clib/libinit.s                        0x00000000   Number         0  libinit2.o ABSOLUTE
    ../clib/libinit.s                        0x00000000   Number         0  libshutdown.o ABSOLUTE
    ../clib/libinit.s                        0x00000000   Number         0  libinit.o ABSOLUTE
    ../clib/libinit.s                        0x00000000   Number         0  libshutdown2.o ABSOLUTE
    ../clib/longlong.c                       0x00000000   Number         0  llushr.o ABSOLUTE
    ../clib/memcpset.c                       0x00000000   Number         0  rt_memclr.o ABSOLUTE
    ../clib/signal.c                         0x00000000   Number         0  defsig_fpe_inner.o ABSOLUTE
    ../clib/signal.c                         0x00000000   Number         0  defsig_fpe_formal.o ABSOLUTE
    ../clib/signal.c                         0x00000000   Number         0  defsig_fpe_outer.o ABSOLUTE
    ../clib/signal.c                         0x00000000   Number         0  defsig_exit.o ABSOLUTE
    ../clib/signal.c                         0x00000000   Number         0  defsig_rtmem_inner.o ABSOLUTE
    ../clib/signal.c                         0x00000000   Number         0  defsig_rtmem_outer.o ABSOLUTE
    ../clib/signal.c                         0x00000000   Number         0  defsig_rtmem_formal.o ABSOLUTE
    ../clib/signal.c                         0x00000000   Number         0  defsig_stak_inner.o ABSOLUTE
    ../clib/signal.c                         0x00000000   Number         0  defsig_pvfn_inner.o ABSOLUTE
    ../clib/signal.c                         0x00000000   Number         0  defsig_cppl_inner.o ABSOLUTE
    ../clib/signal.c                         0x00000000   Number         0  defsig_segv_inner.o ABSOLUTE
    ../clib/signal.c                         0x00000000   Number         0  defsig_other.o ABSOLUTE
    ../clib/signal.c                         0x00000000   Number         0  defsig_rtred_inner.o ABSOLUTE
    ../clib/signal.c                         0x00000000   Number         0  defsig_abrt_inner.o ABSOLUTE
    ../clib/signal.c                         0x00000000   Number         0  defsig_general.o ABSOLUTE
    ../clib/signal.c                         0x00000000   Number         0  __raise.o ABSOLUTE
    ../clib/signal.s                         0x00000000   Number         0  defsig.o ABSOLUTE
    ../clib/stdlib.c                         0x00000000   Number         0  exit.o ABSOLUTE
    ../fplib/cfplib/cmpret.c                 0x00000000   Number         0  cmpret.o ABSOLUTE
    ../fplib/cfplib/d2f.c                    0x00000000   Number         0  d2f.o ABSOLUTE
    ../fplib/cfplib/daddsub.c                0x00000000   Number         0  daddsub.o ABSOLUTE
    ../fplib/cfplib/dcmpin.c                 0x00000000   Number         0  dcmpin.o ABSOLUTE
    ../fplib/cfplib/ddiv.c                   0x00000000   Number         0  ddiv.o ABSOLUTE
    ../fplib/cfplib/dmul.c                   0x00000000   Number         0  dmul.o ABSOLUTE
    ../fplib/cfplib/dsqrt.c                  0x00000000   Number         0  dsqrt.o ABSOLUTE
    ../fplib/cfplib/f2d.c                    0x00000000   Number         0  f2d.o ABSOLUTE
    ../fplib/cfplib/fdiv.c                   0x00000000   Number         0  fdiv.o ABSOLUTE
    ../fplib/cfplib/ffix.c                   0x00000000   Number         0  ffixi.o ABSOLUTE
    ../fplib/cfplib/fflt.c                   0x00000000   Number         0  fflti.o ABSOLUTE
    ../fplib/cfplib/fflt.c                   0x00000000   Number         0  dflti.o ABSOLUTE
    ../fplib/cfplib/fpinit.c                 0x00000000   Number         0  fpinit.o ABSOLUTE
    ../fplib/cfplib/nan2.c                   0x00000000   Number         0  dnan2.o ABSOLUTE
    ../fplib/cfplib/retnan.c                 0x00000000   Number         0  retnan.o ABSOLUTE
    ../fplib/cfplib/scalbn.c                 0x00000000   Number         0  dscalbn.o ABSOLUTE
    ../fplib/cfplib/scalbn.c                 0x00000000   Number         0  fscalbn.o ABSOLUTE
    ../fplib/dleqf6m.s                       0x00000000   Number         0  dlef.o ABSOLUTE
    ../fplib/drleqf6m.s                      0x00000000   Number         0  drlef.o ABSOLUTE
    ../fplib/faddsub6m.s                     0x00000000   Number         0  faddsub.o ABSOLUTE
    ../fplib/fmul6m.s                        0x00000000   Number         0  fmul.o ABSOLUTE
    ../fplib/usenofp.s                       0x00000000   Number         0  usenofp.o ABSOLUTE
    ../mathlib/atan.c                        0x00000000   Number         0  atan.o ABSOLUTE
    ../mathlib/atan.c                        0x00000000   Number         0  atan_x.o ABSOLUTE
    ../mathlib/atan2.c                       0x00000000   Number         0  atan2.o ABSOLUTE
    ../mathlib/atan2.c                       0x00000000   Number         0  atan2_x.o ABSOLUTE
    ../mathlib/dunder.c                      0x00000000   Number         0  dunder.o ABSOLUTE
    ../mathlib/fpclassify.c                  0x00000000   Number         0  fpclassify.o ABSOLUTE
    ../mathlib/poly.c                        0x00000000   Number         0  poly.o ABSOLUTE
    ../mathlib/pow.c                         0x00000000   Number         0  pow.o ABSOLUTE
    ../mathlib/pow.c                         0x00000000   Number         0  pow_x.o ABSOLUTE
    ../mathlib/qnan.c                        0x00000000   Number         0  qnan.o ABSOLUTE
    ../mathlib/sqrt.c                        0x00000000   Number         0  sqrt.o ABSOLUTE
    ../mathlib/sqrt.c                        0x00000000   Number         0  sqrt_x.o ABSOLUTE
    ..\Core\Src\main.c                       0x00000000   Number         0  main.o ABSOLUTE
    ..\Core\Src\stm32f0xx_hal_msp.c          0x00000000   Number         0  stm32f0xx_hal_msp.o ABSOLUTE
    ..\Core\Src\stm32f0xx_it.c               0x00000000   Number         0  stm32f0xx_it.o ABSOLUTE
    ..\Core\Src\system_stm32f0xx.c           0x00000000   Number         0  system_stm32f0xx.o ABSOLUTE
    ..\Drivers\STM32F0xx_HAL_Driver\Src\stm32f0xx_hal.c 0x00000000   Number         0  stm32f0xx_hal.o ABSOLUTE
    ..\Drivers\STM32F0xx_HAL_Driver\Src\stm32f0xx_hal_cortex.c 0x00000000   Number         0  stm32f0xx_hal_cortex.o ABSOLUTE
    ..\Drivers\STM32F0xx_HAL_Driver\Src\stm32f0xx_hal_dma.c 0x00000000   Number         0  stm32f0xx_hal_dma.o ABSOLUTE
    ..\Drivers\STM32F0xx_HAL_Driver\Src\stm32f0xx_hal_exti.c 0x00000000   Number         0  stm32f0xx_hal_exti.o ABSOLUTE
    ..\Drivers\STM32F0xx_HAL_Driver\Src\stm32f0xx_hal_flash.c 0x00000000   Number         0  stm32f0xx_hal_flash.o ABSOLUTE
    ..\Drivers\STM32F0xx_HAL_Driver\Src\stm32f0xx_hal_flash_ex.c 0x00000000   Number         0  stm32f0xx_hal_flash_ex.o ABSOLUTE
    ..\Drivers\STM32F0xx_HAL_Driver\Src\stm32f0xx_hal_gpio.c 0x00000000   Number         0  stm32f0xx_hal_gpio.o ABSOLUTE
    ..\Drivers\STM32F0xx_HAL_Driver\Src\stm32f0xx_hal_i2c.c 0x00000000   Number         0  stm32f0xx_hal_i2c.o ABSOLUTE
    ..\Drivers\STM32F0xx_HAL_Driver\Src\stm32f0xx_hal_i2c_ex.c 0x00000000   Number         0  stm32f0xx_hal_i2c_ex.o ABSOLUTE
    ..\Drivers\STM32F0xx_HAL_Driver\Src\stm32f0xx_hal_pwr.c 0x00000000   Number         0  stm32f0xx_hal_pwr.o ABSOLUTE
    ..\Drivers\STM32F0xx_HAL_Driver\Src\stm32f0xx_hal_pwr_ex.c 0x00000000   Number         0  stm32f0xx_hal_pwr_ex.o ABSOLUTE
    ..\Drivers\STM32F0xx_HAL_Driver\Src\stm32f0xx_hal_rcc.c 0x00000000   Number         0  stm32f0xx_hal_rcc.o ABSOLUTE
    ..\Drivers\STM32F0xx_HAL_Driver\Src\stm32f0xx_hal_rcc_ex.c 0x00000000   Number         0  stm32f0xx_hal_rcc_ex.o ABSOLUTE
    ..\Drivers\STM32F0xx_HAL_Driver\Src\stm32f0xx_hal_tim.c 0x00000000   Number         0  stm32f0xx_hal_tim.o ABSOLUTE
    ..\Drivers\STM32F0xx_HAL_Driver\Src\stm32f0xx_hal_tim_ex.c 0x00000000   Number         0  stm32f0xx_hal_tim_ex.o ABSOLUTE
    ..\Drivers\STM32F0xx_HAL_Driver\Src\stm32f0xx_hal_uart.c 0x00000000   Number         0  stm32f0xx_hal_uart.o ABSOLUTE
    ..\Drivers\STM32F0xx_HAL_Driver\Src\stm32f0xx_hal_uart_ex.c 0x00000000   Number         0  stm32f0xx_hal_uart_ex.o ABSOLUTE
    dc.s                                     0x00000000   Number         0  dc.o ABSOLUTE
    startup_stm32f030x8.s                    0x00000000   Number         0  startup_stm32f030x8.o ABSOLUTE
    RESET                                    0x08000000   Section      180  startup_stm32f030x8.o(RESET)
    !!!main                                  0x080000b4   Section        8  __main.o(!!!main)
    !!!scatter                               0x080000bc   Section       60  __scatter.o(!!!scatter)
    !!handler_copy                           0x080000f8   Section       26  __scatter_copy.o(!!handler_copy)
    !!handler_zi                             0x08000114   Section       28  __scatter_zi.o(!!handler_zi)
    .ARM.Collect$$libinit$$00000000          0x08000130   Section        2  libinit.o(.ARM.Collect$$libinit$$00000000)
    .ARM.Collect$$libinit$$00000002          0x08000132   Section        0  libinit2.o(.ARM.Collect$$libinit$$00000002)
    .ARM.Collect$$libinit$$00000004          0x08000132   Section        0  libinit2.o(.ARM.Collect$$libinit$$00000004)
    .ARM.Collect$$libinit$$0000000A          0x08000132   Section        0  libinit2.o(.ARM.Collect$$libinit$$0000000A)
    .ARM.Collect$$libinit$$0000000C          0x08000132   Section        0  libinit2.o(.ARM.Collect$$libinit$$0000000C)
    .ARM.Collect$$libinit$$0000000E          0x08000132   Section        0  libinit2.o(.ARM.Collect$$libinit$$0000000E)
    .ARM.Collect$$libinit$$00000011          0x08000132   Section        0  libinit2.o(.ARM.Collect$$libinit$$00000011)
    .ARM.Collect$$libinit$$00000013          0x08000132   Section        0  libinit2.o(.ARM.Collect$$libinit$$00000013)
    .ARM.Collect$$libinit$$00000015          0x08000132   Section        0  libinit2.o(.ARM.Collect$$libinit$$00000015)
    .ARM.Collect$$libinit$$00000017          0x08000132   Section        0  libinit2.o(.ARM.Collect$$libinit$$00000017)
    .ARM.Collect$$libinit$$00000019          0x08000132   Section        0  libinit2.o(.ARM.Collect$$libinit$$00000019)
    .ARM.Collect$$libinit$$0000001B          0x08000132   Section        0  libinit2.o(.ARM.Collect$$libinit$$0000001B)
    .ARM.Collect$$libinit$$0000001D          0x08000132   Section        0  libinit2.o(.ARM.Collect$$libinit$$0000001D)
    .ARM.Collect$$libinit$$0000001F          0x08000132   Section        0  libinit2.o(.ARM.Collect$$libinit$$0000001F)
    .ARM.Collect$$libinit$$00000021          0x08000132   Section        0  libinit2.o(.ARM.Collect$$libinit$$00000021)
    .ARM.Collect$$libinit$$00000023          0x08000132   Section        0  libinit2.o(.ARM.Collect$$libinit$$00000023)
    .ARM.Collect$$libinit$$00000025          0x08000132   Section        0  libinit2.o(.ARM.Collect$$libinit$$00000025)
    .ARM.Collect$$libinit$$0000002C          0x08000132   Section        0  libinit2.o(.ARM.Collect$$libinit$$0000002C)
    .ARM.Collect$$libinit$$0000002E          0x08000132   Section        0  libinit2.o(.ARM.Collect$$libinit$$0000002E)
    .ARM.Collect$$libinit$$00000030          0x08000132   Section        0  libinit2.o(.ARM.Collect$$libinit$$00000030)
    .ARM.Collect$$libinit$$00000032          0x08000132   Section        0  libinit2.o(.ARM.Collect$$libinit$$00000032)
    .ARM.Collect$$libinit$$00000033          0x08000132   Section        2  libinit2.o(.ARM.Collect$$libinit$$00000033)
    .ARM.Collect$$libshutdown$$00000000      0x08000134   Section        2  libshutdown.o(.ARM.Collect$$libshutdown$$00000000)
    .ARM.Collect$$libshutdown$$00000002      0x08000136   Section        0  libshutdown2.o(.ARM.Collect$$libshutdown$$00000002)
    .ARM.Collect$$libshutdown$$00000004      0x08000136   Section        0  libshutdown2.o(.ARM.Collect$$libshutdown$$00000004)
    .ARM.Collect$$libshutdown$$00000007      0x08000136   Section        0  libshutdown2.o(.ARM.Collect$$libshutdown$$00000007)
    .ARM.Collect$$libshutdown$$0000000A      0x08000136   Section        0  libshutdown2.o(.ARM.Collect$$libshutdown$$0000000A)
    .ARM.Collect$$libshutdown$$0000000C      0x08000136   Section        0  libshutdown2.o(.ARM.Collect$$libshutdown$$0000000C)
    .ARM.Collect$$libshutdown$$0000000F      0x08000136   Section        0  libshutdown2.o(.ARM.Collect$$libshutdown$$0000000F)
    .ARM.Collect$$libshutdown$$00000010      0x08000136   Section        2  libshutdown2.o(.ARM.Collect$$libshutdown$$00000010)
    .ARM.Collect$$rtentry$$00000000          0x08000138   Section        0  __rtentry.o(.ARM.Collect$$rtentry$$00000000)
    .ARM.Collect$$rtentry$$00000002          0x08000138   Section        0  __rtentry2.o(.ARM.Collect$$rtentry$$00000002)
    .ARM.Collect$$rtentry$$00000004          0x08000138   Section        6  __rtentry4.o(.ARM.Collect$$rtentry$$00000004)
    .ARM.Collect$$rtentry$$00000009          0x0800013e   Section        0  __rtentry2.o(.ARM.Collect$$rtentry$$00000009)
    .ARM.Collect$$rtentry$$0000000A          0x0800013e   Section        4  __rtentry2.o(.ARM.Collect$$rtentry$$0000000A)
    .ARM.Collect$$rtentry$$0000000C          0x08000142   Section        0  __rtentry2.o(.ARM.Collect$$rtentry$$0000000C)
    .ARM.Collect$$rtentry$$0000000D          0x08000142   Section        8  __rtentry2.o(.ARM.Collect$$rtentry$$0000000D)
    .ARM.Collect$$rtexit$$00000000           0x0800014a   Section        2  rtexit.o(.ARM.Collect$$rtexit$$00000000)
    .ARM.Collect$$rtexit$$00000002           0x0800014c   Section        0  rtexit2.o(.ARM.Collect$$rtexit$$00000002)
    .ARM.Collect$$rtexit$$00000003           0x0800014c   Section        4  rtexit2.o(.ARM.Collect$$rtexit$$00000003)
    .ARM.Collect$$rtexit$$00000004           0x08000150   Section        6  rtexit2.o(.ARM.Collect$$rtexit$$00000004)
    .text                                    0x08000158   Section       56  startup_stm32f030x8.o(.text)
    .text                                    0x08000190   Section        0  lludiv.o(.text)
    .text                                    0x08000292   Section        0  rt_memclr.o(.text)
    .text                                    0x080002d2   Section      346  aeabi_sdiv.o(.text)
    .text                                    0x0800042c   Section        0  heapauxi.o(.text)
    .text                                    0x08000434   Section        0  d2f.o(.text)
    .text                                    0x080004b0   Section        0  daddsub.o(.text)
    _dadd1                                   0x080004b1   Thumb Code   290  daddsub.o(.text)
    _dsub1                                   0x080005d3   Thumb Code   470  daddsub.o(.text)
    .text                                    0x08000808   Section        0  ddiv.o(.text)
    .text                                    0x08000c50   Section        0  dmul.o(.text)
    .text                                    0x08000e98   Section        0  dscalbn.o(.text)
    .text                                    0x08000ef8   Section        0  f2d.o(.text)
    .text                                    0x08000f4c   Section        0  fdiv.o(.text)
    .text                                    0x080010ac   Section        0  ffixi.o(.text)
    .text                                    0x080010f8   Section        0  fflti.o(.text)
    .text                                    0x08001158   Section        0  fscalbn.o(.text)
    .text                                    0x0800119c   Section        0  _rserrno.o(.text)
    .text                                    0x080011b2   Section        0  dflti.o(.text)
    .text                                    0x0800120c   Section        0  dsqrt.o(.text)
    .text                                    0x0800130c   Section        8  rt_errno_addr_intlibspace.o(.text)
    .text                                    0x08001314   Section        0  dcmpin.o(.text)
    .text                                    0x080013a4   Section        8  libspace.o(.text)
    .text                                    0x080013ac   Section       62  sys_stackheap_outer.o(.text)
    .text                                    0x080013ea   Section        0  exit.o(.text)
    .text                                    0x080013fa   Section        0  cmpret.o(.text)
    .text                                    0x08001428   Section        0  dnan2.o(.text)
    .text                                    0x0800143c   Section        0  retnan.o(.text)
    .text                                    0x0800149c   Section        0  sys_exit.o(.text)
    .text                                    0x080014a8   Section        2  use_no_semi.o(.text)
    .text                                    0x080014aa   Section        0  indicate_semi.o(.text)
    i.GetAres                                0x080014aa   Section        0  main.o(i.GetAres)
    i.GetGres                                0x080014d4   Section        0  main.o(i.GetGres)
    i.HAL_Delay                              0x08001504   Section        0  stm32f0xx_hal.o(i.HAL_Delay)
    i.HAL_GPIO_Init                          0x08001528   Section        0  stm32f0xx_hal_gpio.o(i.HAL_GPIO_Init)
    i.HAL_GPIO_WritePin                      0x080016cc   Section        0  stm32f0xx_hal_gpio.o(i.HAL_GPIO_WritePin)
    i.HAL_GetTick                            0x080016d8   Section        0  stm32f0xx_hal.o(i.HAL_GetTick)
    i.HAL_I2CEx_ConfigAnalogFilter           0x080016e4   Section        0  stm32f0xx_hal_i2c_ex.o(i.HAL_I2CEx_ConfigAnalogFilter)
    i.HAL_I2CEx_ConfigDigitalFilter          0x0800172e   Section        0  stm32f0xx_hal_i2c_ex.o(i.HAL_I2CEx_ConfigDigitalFilter)
    i.HAL_I2C_Init                           0x08001778   Section        0  stm32f0xx_hal_i2c.o(i.HAL_I2C_Init)
    i.HAL_I2C_Mem_Read                       0x08001834   Section        0  stm32f0xx_hal_i2c.o(i.HAL_I2C_Mem_Read)
    i.HAL_I2C_Mem_Write                      0x08001984   Section        0  stm32f0xx_hal_i2c.o(i.HAL_I2C_Mem_Write)
    i.HAL_I2C_MspInit                        0x08001ad0   Section        0  stm32f0xx_hal_msp.o(i.HAL_I2C_MspInit)
    i.HAL_IncTick                            0x08001b34   Section        0  stm32f0xx_hal.o(i.HAL_IncTick)
    i.HAL_Init                               0x08001b44   Section        0  stm32f0xx_hal.o(i.HAL_Init)
    i.HAL_InitTick                           0x08001b64   Section        0  stm32f0xx_hal.o(i.HAL_InitTick)
    i.HAL_MspInit                            0x08001ba8   Section        0  stm32f0xx_hal_msp.o(i.HAL_MspInit)
    i.HAL_NVIC_EnableIRQ                     0x08001bd0   Section        0  stm32f0xx_hal_cortex.o(i.HAL_NVIC_EnableIRQ)
    i.HAL_NVIC_SetPriority                   0x08001be8   Section        0  stm32f0xx_hal_cortex.o(i.HAL_NVIC_SetPriority)
    i.HAL_RCCEx_PeriphCLKConfig              0x08001bf0   Section        0  stm32f0xx_hal_rcc_ex.o(i.HAL_RCCEx_PeriphCLKConfig)
    i.HAL_RCC_ClockConfig                    0x08001cd8   Section        0  stm32f0xx_hal_rcc.o(i.HAL_RCC_ClockConfig)
    i.HAL_RCC_GetPCLK1Freq                   0x08001de0   Section        0  stm32f0xx_hal_rcc.o(i.HAL_RCC_GetPCLK1Freq)
    i.HAL_RCC_GetSysClockFreq                0x08001e00   Section        0  stm32f0xx_hal_rcc.o(i.HAL_RCC_GetSysClockFreq)
    i.HAL_RCC_OscConfig                      0x08001e54   Section        0  stm32f0xx_hal_rcc.o(i.HAL_RCC_OscConfig)
    i.HAL_SYSTICK_Config                     0x080021dc   Section        0  stm32f0xx_hal_cortex.o(i.HAL_SYSTICK_Config)
    i.HAL_UART_Init                          0x0800220c   Section        0  stm32f0xx_hal_uart.o(i.HAL_UART_Init)
    i.HAL_UART_MspInit                       0x08002278   Section        0  stm32f0xx_hal_msp.o(i.HAL_UART_MspInit)
    i.HardFault_Handler                      0x080022ec   Section        0  stm32f0xx_it.o(i.HardFault_Handler)
    i.I2C_Flush_TXDR                         0x080022ee   Section        0  stm32f0xx_hal_i2c.o(i.I2C_Flush_TXDR)
    I2C_Flush_TXDR                           0x080022ef   Thumb Code    34  stm32f0xx_hal_i2c.o(i.I2C_Flush_TXDR)
    i.I2C_IsErrorOccurred                    0x08002310   Section        0  stm32f0xx_hal_i2c.o(i.I2C_IsErrorOccurred)
    I2C_IsErrorOccurred                      0x08002311   Thumb Code   266  stm32f0xx_hal_i2c.o(i.I2C_IsErrorOccurred)
    i.I2C_RequestMemoryRead                  0x08002420   Section        0  stm32f0xx_hal_i2c.o(i.I2C_RequestMemoryRead)
    I2C_RequestMemoryRead                    0x08002421   Thumb Code    92  stm32f0xx_hal_i2c.o(i.I2C_RequestMemoryRead)
    i.I2C_RequestMemoryWrite                 0x08002480   Section        0  stm32f0xx_hal_i2c.o(i.I2C_RequestMemoryWrite)
    I2C_RequestMemoryWrite                   0x08002481   Thumb Code    92  stm32f0xx_hal_i2c.o(i.I2C_RequestMemoryWrite)
    i.I2C_TransferConfig                     0x080024e0   Section        0  stm32f0xx_hal_i2c.o(i.I2C_TransferConfig)
    I2C_TransferConfig                       0x080024e1   Thumb Code    38  stm32f0xx_hal_i2c.o(i.I2C_TransferConfig)
    i.I2C_WaitOnFlagUntilTimeout             0x0800250c   Section        0  stm32f0xx_hal_i2c.o(i.I2C_WaitOnFlagUntilTimeout)
    I2C_WaitOnFlagUntilTimeout               0x0800250d   Thumb Code   114  stm32f0xx_hal_i2c.o(i.I2C_WaitOnFlagUntilTimeout)
    i.I2C_WaitOnSTOPFlagUntilTimeout         0x0800257e   Section        0  stm32f0xx_hal_i2c.o(i.I2C_WaitOnSTOPFlagUntilTimeout)
    I2C_WaitOnSTOPFlagUntilTimeout           0x0800257f   Thumb Code    86  stm32f0xx_hal_i2c.o(i.I2C_WaitOnSTOPFlagUntilTimeout)
    i.I2C_WaitOnTXISFlagUntilTimeout         0x080025d4   Section        0  stm32f0xx_hal_i2c.o(i.I2C_WaitOnTXISFlagUntilTimeout)
    I2C_WaitOnTXISFlagUntilTimeout           0x080025d5   Thumb Code    90  stm32f0xx_hal_i2c.o(i.I2C_WaitOnTXISFlagUntilTimeout)
    i.Init                                   0x08002630   Section        0  main.o(i.Init)
    i.MX_GPIO_Init                           0x0800271c   Section        0  main.o(i.MX_GPIO_Init)
    MX_GPIO_Init                             0x0800271d   Thumb Code   110  main.o(i.MX_GPIO_Init)
    i.MX_I2C1_Init                           0x08002798   Section        0  main.o(i.MX_I2C1_Init)
    MX_I2C1_Init                             0x08002799   Thumb Code    76  main.o(i.MX_I2C1_Init)
    i.MX_USART1_UART_Init                    0x080027f0   Section        0  main.o(i.MX_USART1_UART_Init)
    MX_USART1_UART_Init                      0x080027f1   Thumb Code    60  main.o(i.MX_USART1_UART_Init)
    i.NMI_Handler                            0x08002834   Section        0  stm32f0xx_it.o(i.NMI_Handler)
    i.OffsetBias                             0x08002838   Section        0  main.o(i.OffsetBias)
    i.PendSV_Handler                         0x080029bc   Section        0  stm32f0xx_it.o(i.PendSV_Handler)
    i.ReadData                               0x080029c0   Section        0  main.o(i.ReadData)
    i.ReadGData                              0x08002a00   Section        0  main.o(i.ReadGData)
    i.ReadXLData                             0x08002a34   Section        0  main.o(i.ReadXLData)
    i.Reset                                  0x08002a64   Section        0  main.o(i.Reset)
    i.SVC_Handler                            0x08002aa4   Section        0  stm32f0xx_it.o(i.SVC_Handler)
    i.SelfTest                               0x08002aa8   Section        0  main.o(i.SelfTest)
    i.SendByteToUSART1                       0x08002fc8   Section        0  main.o(i.SendByteToUSART1)
    i.SendDataToPC                           0x08002fe4   Section        0  main.o(i.SendDataToPC)
    i.SysTick_Handler                        0x08003038   Section        0  main.o(i.SysTick_Handler)
    i.SystemClock_Config                     0x08003064   Section        0  main.o(i.SystemClock_Config)
    i.SystemInit                             0x080030da   Section        0  system_stm32f0xx.o(i.SystemInit)
    i.UART_AdvFeatureConfig                  0x080030dc   Section        0  stm32f0xx_hal_uart.o(i.UART_AdvFeatureConfig)
    i.UART_CheckIdleState                    0x080031a8   Section        0  stm32f0xx_hal_uart.o(i.UART_CheckIdleState)
    i.UART_EndRxTransfer                     0x0800326c   Section        0  stm32f0xx_hal_uart.o(i.UART_EndRxTransfer)
    UART_EndRxTransfer                       0x0800326d   Thumb Code    96  stm32f0xx_hal_uart.o(i.UART_EndRxTransfer)
    i.UART_SetConfig                         0x080032cc   Section        0  stm32f0xx_hal_uart.o(i.UART_SetConfig)
    i.UART_WaitOnFlagUntilTimeout            0x080033fc   Section        0  stm32f0xx_hal_uart.o(i.UART_WaitOnFlagUntilTimeout)
    i.USART1_IRQHandler                      0x08003494   Section        0  main.o(i.USART1_IRQHandler)
    i.__ARM_common_ll_muluu                  0x080034ac   Section        0  stm32f0xx_hal_rcc.o(i.__ARM_common_ll_muluu)
    i.__ARM_fpclassify                       0x080034dc   Section        0  fpclassify.o(i.__ARM_fpclassify)
    i.__NVIC_SetPriority                     0x08003508   Section        0  stm32f0xx_hal_cortex.o(i.__NVIC_SetPriority)
    __NVIC_SetPriority                       0x08003509   Thumb Code    60  stm32f0xx_hal_cortex.o(i.__NVIC_SetPriority)
    i.__kernel_poly                          0x0800354c   Section        0  poly.o(i.__kernel_poly)
    i.__mathlib_dbl_divzero                  0x080035f8   Section        0  dunder.o(i.__mathlib_dbl_divzero)
    i.__mathlib_dbl_infnan                   0x0800360c   Section        0  dunder.o(i.__mathlib_dbl_infnan)
    i.__mathlib_dbl_infnan2                  0x08003616   Section        0  dunder.o(i.__mathlib_dbl_infnan2)
    i.__mathlib_dbl_invalid                  0x0800361e   Section        0  dunder.o(i.__mathlib_dbl_invalid)
    i.__mathlib_dbl_overflow                 0x08003630   Section        0  dunder.o(i.__mathlib_dbl_overflow)
    i.__mathlib_dbl_underflow                0x08003644   Section        0  dunder.o(i.__mathlib_dbl_underflow)
    i.atan                                   0x08003658   Section        0  atan.o(i.atan)
    i.atan2                                  0x08003874   Section        0  atan2.o(i.atan2)
    i.main                                   0x080039ec   Section        0  main.o(i.main)
    i.pow                                    0x08003d78   Section        0  pow.o(i.pow)
    i.sqrt                                   0x08004774   Section        0  sqrt.o(i.sqrt)
    x$fpl$drleqf                             0x080047bc   Section      104  drlef.o(x$fpl$drleqf)
    x$fpl$fadd                               0x08004824   Section      140  faddsub.o(x$fpl$fadd)
    _fadd1                                   0x08004831   Thumb Code     0  faddsub.o(x$fpl$fadd)
    x$fpl$fmul                               0x080048b0   Section      176  fmul.o(x$fpl$fmul)
    x$fpl$fsub                               0x08004960   Section      208  faddsub.o(x$fpl$fsub)
    _fsub1                                   0x0800496d   Thumb Code     0  faddsub.o(x$fpl$fsub)
    .constdata                               0x08004a30   Section       32  stm32f0xx_hal_rcc.o(.constdata)
    x$fpl$usenofp                            0x08004a30   Section        0  usenofp.o(x$fpl$usenofp)
    aPLLMULFactorTable                       0x08004a30   Data          16  stm32f0xx_hal_rcc.o(.constdata)
    aPredivFactorTable                       0x08004a40   Data          16  stm32f0xx_hal_rcc.o(.constdata)
    .constdata                               0x08004a50   Section       16  system_stm32f0xx.o(.constdata)
    .constdata                               0x08004a60   Section        8  system_stm32f0xx.o(.constdata)
    .constdata                               0x08004a68   Section      128  ddiv.o(.constdata)
    ddiv_reciptbl                            0x08004a68   Data         128  ddiv.o(.constdata)
    .constdata                               0x08004ae8   Section       64  fdiv.o(.constdata)
    fdiv_tab                                 0x08004ae8   Data          64  fdiv.o(.constdata)
    .constdata                               0x08004b28   Section      136  pow.o(.constdata)
    bp                                       0x08004b28   Data          16  pow.o(.constdata)
    dp_h                                     0x08004b38   Data          16  pow.o(.constdata)
    dp_l                                     0x08004b48   Data          16  pow.o(.constdata)
    L                                        0x08004b58   Data          48  pow.o(.constdata)
    P                                        0x08004b88   Data          40  pow.o(.constdata)
    .constdata                               0x08004bb0   Section      152  atan.o(.constdata)
    atanhi                                   0x08004bb0   Data          32  atan.o(.constdata)
    atanlo                                   0x08004bd0   Data          32  atan.o(.constdata)
    aTodd                                    0x08004bf0   Data          40  atan.o(.constdata)
    aTeven                                   0x08004c18   Data          48  atan.o(.constdata)
    .constdata                               0x08004c48   Section        8  qnan.o(.constdata)
    .data                                    0x20000000   Section       82  main.o(.data)
    .data                                    0x20000054   Section       12  stm32f0xx_hal.o(.data)
    .data                                    0x20000060   Section        4  system_stm32f0xx.o(.data)
    .bss                                     0x20000064   Section      370  main.o(.bss)
    .bss                                     0x200001d8   Section       96  libspace.o(.bss)
    HEAP                                     0x20000238   Section      512  startup_stm32f030x8.o(HEAP)
    Heap_Mem                                 0x20000238   Data         512  startup_stm32f030x8.o(HEAP)
    STACK                                    0x20000438   Section     1024  startup_stm32f030x8.o(STACK)
    Stack_Mem                                0x20000438   Data        1024  startup_stm32f030x8.o(STACK)
    __initial_sp                             0x20000838   Data           0  startup_stm32f030x8.o(STACK)

    Global Symbols

    Symbol Name                              Value     Ov Type        Size  Object(Section)

    BuildAttributes$$THM_ISAv3M$S$PE$A:L22$X:L11$S22$IEEE1$IW$USESV6$~STKCKD$USESV7$~SHL$OTIME$ROPI$IEEEX$EBA8$UX$STANDARDLIB$REQ8$PRES8$EABIv2 0x00000000   Number         0  anon$$obj.o ABSOLUTE
    __ARM_use_no_argv                        0x00000000   Number         0  main.o ABSOLUTE
    __ARM_exceptions_init                     - Undefined Weak Reference
    __alloca_initialize                       - Undefined Weak Reference
    __arm_preinit_                            - Undefined Weak Reference
    __cpp_initialize__aeabi_                  - Undefined Weak Reference
    __cxa_finalize                            - Undefined Weak Reference
    __rt_locale                               - Undefined Weak Reference
    __sigvec_lookup                           - Undefined Weak Reference
    _atexit_init                              - Undefined Weak Reference
    _call_atexit_fns                          - Undefined Weak Reference
    _clock_init                               - Undefined Weak Reference
    _fp_trap_init                             - Undefined Weak Reference
    _fp_trap_shutdown                         - Undefined Weak Reference
    _get_lc_collate                           - Undefined Weak Reference
    _get_lc_ctype                             - Undefined Weak Reference
    _get_lc_monetary                          - Undefined Weak Reference
    _get_lc_numeric                           - Undefined Weak Reference
    _get_lc_time                              - Undefined Weak Reference
    _getenv_init                              - Undefined Weak Reference
    _handle_redirection                       - Undefined Weak Reference
    _init_alloc                               - Undefined Weak Reference
    _init_user_alloc                          - Undefined Weak Reference
    _initio                                   - Undefined Weak Reference
    _rand_init                                - Undefined Weak Reference
    _signal_finish                            - Undefined Weak Reference
    _signal_init                              - Undefined Weak Reference
    _terminate_alloc                          - Undefined Weak Reference
    _terminate_user_alloc                     - Undefined Weak Reference
    _terminateio                              - Undefined Weak Reference
    __Vectors_Size                           0x000000b4   Number         0  startup_stm32f030x8.o ABSOLUTE
    __Vectors                                0x08000000   Data           4  startup_stm32f030x8.o(RESET)
    __Vectors_End                            0x080000b4   Data           0  startup_stm32f030x8.o(RESET)
    __main                                   0x080000b5   Thumb Code     8  __main.o(!!!main)
    __scatterload                            0x080000bd   Thumb Code     0  __scatter.o(!!!scatter)
    __scatterload_rt2                        0x080000bd   Thumb Code    52  __scatter.o(!!!scatter)
    __scatterload_rt2_thumb_only             0x080000bd   Thumb Code     0  __scatter.o(!!!scatter)
    __scatterload_null                       0x080000cd   Thumb Code     0  __scatter.o(!!!scatter)
    __scatterload_copy                       0x080000f9   Thumb Code    26  __scatter_copy.o(!!handler_copy)
    __scatterload_zeroinit                   0x08000115   Thumb Code    28  __scatter_zi.o(!!handler_zi)
    __rt_lib_init                            0x08000131   Thumb Code     0  libinit.o(.ARM.Collect$$libinit$$00000000)
    __rt_lib_init_alloca_1                   0x08000133   Thumb Code     0  libinit2.o(.ARM.Collect$$libinit$$0000002E)
    __rt_lib_init_argv_1                     0x08000133   Thumb Code     0  libinit2.o(.ARM.Collect$$libinit$$0000002C)
    __rt_lib_init_atexit_1                   0x08000133   Thumb Code     0  libinit2.o(.ARM.Collect$$libinit$$0000001B)
    __rt_lib_init_clock_1                    0x08000133   Thumb Code     0  libinit2.o(.ARM.Collect$$libinit$$00000021)
    __rt_lib_init_cpp_1                      0x08000133   Thumb Code     0  libinit2.o(.ARM.Collect$$libinit$$00000032)
    __rt_lib_init_exceptions_1               0x08000133   Thumb Code     0  libinit2.o(.ARM.Collect$$libinit$$00000030)
    __rt_lib_init_fp_1                       0x08000133   Thumb Code     0  libinit2.o(.ARM.Collect$$libinit$$00000002)
    __rt_lib_init_fp_trap_1                  0x08000133   Thumb Code     0  libinit2.o(.ARM.Collect$$libinit$$0000001F)
    __rt_lib_init_getenv_1                   0x08000133   Thumb Code     0  libinit2.o(.ARM.Collect$$libinit$$00000023)
    __rt_lib_init_heap_1                     0x08000133   Thumb Code     0  libinit2.o(.ARM.Collect$$libinit$$0000000A)
    __rt_lib_init_lc_collate_1               0x08000133   Thumb Code     0  libinit2.o(.ARM.Collect$$libinit$$00000011)
    __rt_lib_init_lc_ctype_1                 0x08000133   Thumb Code     0  libinit2.o(.ARM.Collect$$libinit$$00000013)
    __rt_lib_init_lc_monetary_1              0x08000133   Thumb Code     0  libinit2.o(.ARM.Collect$$libinit$$00000015)
    __rt_lib_init_lc_numeric_1               0x08000133   Thumb Code     0  libinit2.o(.ARM.Collect$$libinit$$00000017)
    __rt_lib_init_lc_time_1                  0x08000133   Thumb Code     0  libinit2.o(.ARM.Collect$$libinit$$00000019)
    __rt_lib_init_preinit_1                  0x08000133   Thumb Code     0  libinit2.o(.ARM.Collect$$libinit$$00000004)
    __rt_lib_init_rand_1                     0x08000133   Thumb Code     0  libinit2.o(.ARM.Collect$$libinit$$0000000E)
    __rt_lib_init_return                     0x08000133   Thumb Code     0  libinit2.o(.ARM.Collect$$libinit$$00000033)
    __rt_lib_init_signal_1                   0x08000133   Thumb Code     0  libinit2.o(.ARM.Collect$$libinit$$0000001D)
    __rt_lib_init_stdio_1                    0x08000133   Thumb Code     0  libinit2.o(.ARM.Collect$$libinit$$00000025)
    __rt_lib_init_user_alloc_1               0x08000133   Thumb Code     0  libinit2.o(.ARM.Collect$$libinit$$0000000C)
    __rt_lib_shutdown                        0x08000135   Thumb Code     0  libshutdown.o(.ARM.Collect$$libshutdown$$00000000)
    __rt_lib_shutdown_cpp_1                  0x08000137   Thumb Code     0  libshutdown2.o(.ARM.Collect$$libshutdown$$00000002)
    __rt_lib_shutdown_fp_trap_1              0x08000137   Thumb Code     0  libshutdown2.o(.ARM.Collect$$libshutdown$$00000007)
    __rt_lib_shutdown_heap_1                 0x08000137   Thumb Code     0  libshutdown2.o(.ARM.Collect$$libshutdown$$0000000F)
    __rt_lib_shutdown_return                 0x08000137   Thumb Code     0  libshutdown2.o(.ARM.Collect$$libshutdown$$00000010)
    __rt_lib_shutdown_signal_1               0x08000137   Thumb Code     0  libshutdown2.o(.ARM.Collect$$libshutdown$$0000000A)
    __rt_lib_shutdown_stdio_1                0x08000137   Thumb Code     0  libshutdown2.o(.ARM.Collect$$libshutdown$$00000004)
    __rt_lib_shutdown_user_alloc_1           0x08000137   Thumb Code     0  libshutdown2.o(.ARM.Collect$$libshutdown$$0000000C)
    __rt_entry                               0x08000139   Thumb Code     0  __rtentry.o(.ARM.Collect$$rtentry$$00000000)
    __rt_entry_presh_1                       0x08000139   Thumb Code     0  __rtentry2.o(.ARM.Collect$$rtentry$$00000002)
    __rt_entry_sh                            0x08000139   Thumb Code     0  __rtentry4.o(.ARM.Collect$$rtentry$$00000004)
    __rt_entry_li                            0x0800013f   Thumb Code     0  __rtentry2.o(.ARM.Collect$$rtentry$$0000000A)
    __rt_entry_postsh_1                      0x0800013f   Thumb Code     0  __rtentry2.o(.ARM.Collect$$rtentry$$00000009)
    __rt_entry_main                          0x08000143   Thumb Code     0  __rtentry2.o(.ARM.Collect$$rtentry$$0000000D)
    __rt_entry_postli_1                      0x08000143   Thumb Code     0  __rtentry2.o(.ARM.Collect$$rtentry$$0000000C)
    __rt_exit                                0x0800014b   Thumb Code     0  rtexit.o(.ARM.Collect$$rtexit$$00000000)
    __rt_exit_ls                             0x0800014d   Thumb Code     0  rtexit2.o(.ARM.Collect$$rtexit$$00000003)
    __rt_exit_prels_1                        0x0800014d   Thumb Code     0  rtexit2.o(.ARM.Collect$$rtexit$$00000002)
    __rt_exit_exit                           0x08000151   Thumb Code     0  rtexit2.o(.ARM.Collect$$rtexit$$00000004)
    Reset_Handler                            0x08000159   Thumb Code     8  startup_stm32f030x8.o(.text)
    ADC1_IRQHandler                          0x0800016b   Thumb Code     0  startup_stm32f030x8.o(.text)
    DMA1_Channel1_IRQHandler                 0x0800016b   Thumb Code     0  startup_stm32f030x8.o(.text)
    DMA1_Channel2_3_IRQHandler               0x0800016b   Thumb Code     0  startup_stm32f030x8.o(.text)
    DMA1_Channel4_5_IRQHandler               0x0800016b   Thumb Code     0  startup_stm32f030x8.o(.text)
    EXTI0_1_IRQHandler                       0x0800016b   Thumb Code     0  startup_stm32f030x8.o(.text)
    EXTI2_3_IRQHandler                       0x0800016b   Thumb Code     0  startup_stm32f030x8.o(.text)
    EXTI4_15_IRQHandler                      0x0800016b   Thumb Code     0  startup_stm32f030x8.o(.text)
    FLASH_IRQHandler                         0x0800016b   Thumb Code     0  startup_stm32f030x8.o(.text)
    I2C1_IRQHandler                          0x0800016b   Thumb Code     0  startup_stm32f030x8.o(.text)
    I2C2_IRQHandler                          0x0800016b   Thumb Code     0  startup_stm32f030x8.o(.text)
    RCC_IRQHandler                           0x0800016b   Thumb Code     0  startup_stm32f030x8.o(.text)
    RTC_IRQHandler                           0x0800016b   Thumb Code     0  startup_stm32f030x8.o(.text)
    SPI1_IRQHandler                          0x0800016b   Thumb Code     0  startup_stm32f030x8.o(.text)
    SPI2_IRQHandler                          0x0800016b   Thumb Code     0  startup_stm32f030x8.o(.text)
    TIM14_IRQHandler                         0x0800016b   Thumb Code     0  startup_stm32f030x8.o(.text)
    TIM15_IRQHandler                         0x0800016b   Thumb Code     0  startup_stm32f030x8.o(.text)
    TIM16_IRQHandler                         0x0800016b   Thumb Code     0  startup_stm32f030x8.o(.text)
    TIM17_IRQHandler                         0x0800016b   Thumb Code     0  startup_stm32f030x8.o(.text)
    TIM1_BRK_UP_TRG_COM_IRQHandler           0x0800016b   Thumb Code     0  startup_stm32f030x8.o(.text)
    TIM1_CC_IRQHandler                       0x0800016b   Thumb Code     0  startup_stm32f030x8.o(.text)
    TIM3_IRQHandler                          0x0800016b   Thumb Code     0  startup_stm32f030x8.o(.text)
    TIM6_IRQHandler                          0x0800016b   Thumb Code     0  startup_stm32f030x8.o(.text)
    USART2_IRQHandler                        0x0800016b   Thumb Code     0  startup_stm32f030x8.o(.text)
    WWDG_IRQHandler                          0x0800016b   Thumb Code     0  startup_stm32f030x8.o(.text)
    __user_initial_stackheap                 0x0800016d   Thumb Code     0  startup_stm32f030x8.o(.text)
    __aeabi_uldivmod                         0x08000191   Thumb Code   258  lludiv.o(.text)
    _ll_udiv                                 0x08000191   Thumb Code     0  lludiv.o(.text)
    _memset_w                                0x08000293   Thumb Code    26  rt_memclr.o(.text)
    _memset                                  0x080002ad   Thumb Code    30  rt_memclr.o(.text)
    __aeabi_memclr                           0x080002cb   Thumb Code     4  rt_memclr.o(.text)
    __rt_memclr                              0x080002cb   Thumb Code     0  rt_memclr.o(.text)
    __aeabi_memclr4                          0x080002cf   Thumb Code     0  rt_memclr.o(.text)
    __aeabi_memclr8                          0x080002cf   Thumb Code     0  rt_memclr.o(.text)
    __rt_memclr_w                            0x080002cf   Thumb Code     4  rt_memclr.o(.text)
    __aeabi_uidiv                            0x080002d3   Thumb Code     0  aeabi_sdiv.o(.text)
    __aeabi_uidivmod                         0x080002d3   Thumb Code    20  aeabi_sdiv.o(.text)
    __aeabi_idiv                             0x080002e7   Thumb Code     0  aeabi_sdiv.o(.text)
    __aeabi_idivmod                          0x080002e7   Thumb Code   326  aeabi_sdiv.o(.text)
    __use_two_region_memory                  0x0800042d   Thumb Code     2  heapauxi.o(.text)
    __rt_heap_escrow$2region                 0x0800042f   Thumb Code     2  heapauxi.o(.text)
    __rt_heap_expand$2region                 0x08000431   Thumb Code     2  heapauxi.o(.text)
    __aeabi_d2f                              0x08000435   Thumb Code     0  d2f.o(.text)
    _d2f                                     0x08000435   Thumb Code   120  d2f.o(.text)
    __aeabi_dadd                             0x080007a9   Thumb Code     0  daddsub.o(.text)
    _dadd                                    0x080007a9   Thumb Code    26  daddsub.o(.text)
    __aeabi_dsub                             0x080007c3   Thumb Code     0  daddsub.o(.text)
    _dsub                                    0x080007c3   Thumb Code    22  daddsub.o(.text)
    __aeabi_drsub                            0x080007d9   Thumb Code     0  daddsub.o(.text)
    _drsb                                    0x080007d9   Thumb Code    28  daddsub.o(.text)
    __aeabi_ddiv                             0x08000809   Thumb Code     0  ddiv.o(.text)
    _ddiv                                    0x08000809   Thumb Code  1072  ddiv.o(.text)
    _drdiv                                   0x08000c39   Thumb Code    20  ddiv.o(.text)
    __aeabi_dmul                             0x08000c51   Thumb Code     0  dmul.o(.text)
    _dmul                                    0x08000c51   Thumb Code   558  dmul.o(.text)
    __ARM_scalbn                             0x08000e99   Thumb Code    84  dscalbn.o(.text)
    __aeabi_f2d                              0x08000ef9   Thumb Code     0  f2d.o(.text)
    _f2d                                     0x08000ef9   Thumb Code    80  f2d.o(.text)
    __aeabi_fdiv                             0x08000f4d   Thumb Code     0  fdiv.o(.text)
    _fdiv                                    0x08000f4d   Thumb Code   334  fdiv.o(.text)
    _frdiv                                   0x0800109b   Thumb Code     8  fdiv.o(.text)
    __aeabi_f2iz                             0x080010ad   Thumb Code     0  ffixi.o(.text)
    _ffix                                    0x080010ad   Thumb Code    76  ffixi.o(.text)
    __aeabi_i2f_normalise                    0x080010f9   Thumb Code    72  fflti.o(.text)
    __aeabi_i2f                              0x08001141   Thumb Code    16  fflti.o(.text)
    _fflt                                    0x08001141   Thumb Code     0  fflti.o(.text)
    __aeabi_ui2f                             0x08001151   Thumb Code     6  fflti.o(.text)
    _ffltu                                   0x08001151   Thumb Code     0  fflti.o(.text)
    __ARM_scalbnf                            0x08001159   Thumb Code    64  fscalbn.o(.text)
    __read_errno                             0x0800119d   Thumb Code    10  _rserrno.o(.text)
    __set_errno                              0x080011a7   Thumb Code    12  _rserrno.o(.text)
    __aeabi_i2d_normalise                    0x080011b3   Thumb Code    66  dflti.o(.text)
    __aeabi_i2d                              0x080011f5   Thumb Code    16  dflti.o(.text)
    _dflt                                    0x080011f5   Thumb Code     0  dflti.o(.text)
    __aeabi_ui2d                             0x08001205   Thumb Code     6  dflti.o(.text)
    _dfltu                                   0x08001205   Thumb Code     0  dflti.o(.text)
    _dsqrt                                   0x0800120d   Thumb Code   248  dsqrt.o(.text)
    __aeabi_errno_addr                       0x0800130d   Thumb Code     8  rt_errno_addr_intlibspace.o(.text)
    __errno$intlibspace                      0x0800130d   Thumb Code     0  rt_errno_addr_intlibspace.o(.text)
    __rt_errno_addr$intlibspace              0x0800130d   Thumb Code     0  rt_errno_addr_intlibspace.o(.text)
    __fpl_dcmp_InfNaN                        0x08001315   Thumb Code   140  dcmpin.o(.text)
    __user_libspace                          0x080013a5   Thumb Code     8  libspace.o(.text)
    __user_perproc_libspace                  0x080013a5   Thumb Code     0  libspace.o(.text)
    __user_perthread_libspace                0x080013a5   Thumb Code     0  libspace.o(.text)
    __user_setup_stackheap                   0x080013ad   Thumb Code    62  sys_stackheap_outer.o(.text)
    exit                                     0x080013eb   Thumb Code    16  exit.o(.text)
    __fpl_cmpreturn                          0x080013fb   Thumb Code    46  cmpret.o(.text)
    __fpl_dcheck_NaN2                        0x08001429   Thumb Code    14  dnan2.o(.text)
    __fpl_return_NaN                         0x0800143d   Thumb Code    94  retnan.o(.text)
    _sys_exit                                0x0800149d   Thumb Code     8  sys_exit.o(.text)
    __I$use$semihosting                      0x080014a9   Thumb Code     0  use_no_semi.o(.text)
    __use_no_semihosting_swi                 0x080014a9   Thumb Code     2  use_no_semi.o(.text)
    GetAres                                  0x080014ab   Thumb Code    40  main.o(i.GetAres)
    __semihosting_library_function           0x080014ab   Thumb Code     0  indicate_semi.o(.text)
    GetGres                                  0x080014d5   Thumb Code    32  main.o(i.GetGres)
    HAL_Delay                                0x08001505   Thumb Code    32  stm32f0xx_hal.o(i.HAL_Delay)
    HAL_GPIO_Init                            0x08001529   Thumb Code   396  stm32f0xx_hal_gpio.o(i.HAL_GPIO_Init)
    HAL_GPIO_WritePin                        0x080016cd   Thumb Code    12  stm32f0xx_hal_gpio.o(i.HAL_GPIO_WritePin)
    HAL_GetTick                              0x080016d9   Thumb Code     6  stm32f0xx_hal.o(i.HAL_GetTick)
    HAL_I2CEx_ConfigAnalogFilter             0x080016e5   Thumb Code    74  stm32f0xx_hal_i2c_ex.o(i.HAL_I2CEx_ConfigAnalogFilter)
    HAL_I2CEx_ConfigDigitalFilter            0x0800172f   Thumb Code    72  stm32f0xx_hal_i2c_ex.o(i.HAL_I2CEx_ConfigDigitalFilter)
    HAL_I2C_Init                             0x08001779   Thumb Code   182  stm32f0xx_hal_i2c.o(i.HAL_I2C_Init)
    HAL_I2C_Mem_Read                         0x08001835   Thumb Code   328  stm32f0xx_hal_i2c.o(i.HAL_I2C_Mem_Read)
    HAL_I2C_Mem_Write                        0x08001985   Thumb Code   326  stm32f0xx_hal_i2c.o(i.HAL_I2C_Mem_Write)
    HAL_I2C_MspInit                          0x08001ad1   Thumb Code    88  stm32f0xx_hal_msp.o(i.HAL_I2C_MspInit)
    HAL_IncTick                              0x08001b35   Thumb Code    12  stm32f0xx_hal.o(i.HAL_IncTick)
    HAL_Init                                 0x08001b45   Thumb Code    26  stm32f0xx_hal.o(i.HAL_Init)
    HAL_InitTick                             0x08001b65   Thumb Code    58  stm32f0xx_hal.o(i.HAL_InitTick)
    HAL_MspInit                              0x08001ba9   Thumb Code    34  stm32f0xx_hal_msp.o(i.HAL_MspInit)
    HAL_NVIC_EnableIRQ                       0x08001bd1   Thumb Code    18  stm32f0xx_hal_cortex.o(i.HAL_NVIC_EnableIRQ)
    HAL_NVIC_SetPriority                     0x08001be9   Thumb Code     8  stm32f0xx_hal_cortex.o(i.HAL_NVIC_SetPriority)
    HAL_RCCEx_PeriphCLKConfig                0x08001bf1   Thumb Code   218  stm32f0xx_hal_rcc_ex.o(i.HAL_RCCEx_PeriphCLKConfig)
    HAL_RCC_ClockConfig                      0x08001cd9   Thumb Code   242  stm32f0xx_hal_rcc.o(i.HAL_RCC_ClockConfig)
    HAL_RCC_GetPCLK1Freq                     0x08001de1   Thumb Code    20  stm32f0xx_hal_rcc.o(i.HAL_RCC_GetPCLK1Freq)
    HAL_RCC_GetSysClockFreq                  0x08001e01   Thumb Code    68  stm32f0xx_hal_rcc.o(i.HAL_RCC_GetSysClockFreq)
    HAL_RCC_OscConfig                        0x08001e55   Thumb Code   890  stm32f0xx_hal_rcc.o(i.HAL_RCC_OscConfig)
    HAL_SYSTICK_Config                       0x080021dd   Thumb Code    38  stm32f0xx_hal_cortex.o(i.HAL_SYSTICK_Config)
    HAL_UART_Init                            0x0800220d   Thumb Code   106  stm32f0xx_hal_uart.o(i.HAL_UART_Init)
    HAL_UART_MspInit                         0x08002279   Thumb Code   106  stm32f0xx_hal_msp.o(i.HAL_UART_MspInit)
    HardFault_Handler                        0x080022ed   Thumb Code     2  stm32f0xx_it.o(i.HardFault_Handler)
    Init                                     0x08002631   Thumb Code   232  main.o(i.Init)
    NMI_Handler                              0x08002835   Thumb Code     2  stm32f0xx_it.o(i.NMI_Handler)
    OffsetBias                               0x08002839   Thumb Code   376  main.o(i.OffsetBias)
    PendSV_Handler                           0x080029bd   Thumb Code     2  stm32f0xx_it.o(i.PendSV_Handler)
    ReadData                                 0x080029c1   Thumb Code    60  main.o(i.ReadData)
    ReadGData                                0x08002a01   Thumb Code    48  main.o(i.ReadGData)
    ReadXLData                               0x08002a35   Thumb Code    44  main.o(i.ReadXLData)
    Reset                                    0x08002a65   Thumb Code    58  main.o(i.Reset)
    SVC_Handler                              0x08002aa5   Thumb Code     2  stm32f0xx_it.o(i.SVC_Handler)
    SelfTest                                 0x08002aa9   Thumb Code  1302  main.o(i.SelfTest)
    SendByteToUSART1                         0x08002fc9   Thumb Code    18  main.o(i.SendByteToUSART1)
    SendDataToPC                             0x08002fe5   Thumb Code    82  main.o(i.SendDataToPC)
    SysTick_Handler                          0x08003039   Thumb Code    40  main.o(i.SysTick_Handler)
    SystemClock_Config                       0x08003065   Thumb Code   118  main.o(i.SystemClock_Config)
    SystemInit                               0x080030db   Thumb Code     2  system_stm32f0xx.o(i.SystemInit)
    UART_AdvFeatureConfig                    0x080030dd   Thumb Code   202  stm32f0xx_hal_uart.o(i.UART_AdvFeatureConfig)
    UART_CheckIdleState                      0x080031a9   Thumb Code   190  stm32f0xx_hal_uart.o(i.UART_CheckIdleState)
    UART_SetConfig                           0x080032cd   Thumb Code   280  stm32f0xx_hal_uart.o(i.UART_SetConfig)
    UART_WaitOnFlagUntilTimeout              0x080033fd   Thumb Code   150  stm32f0xx_hal_uart.o(i.UART_WaitOnFlagUntilTimeout)
    USART1_IRQHandler                        0x08003495   Thumb Code    16  main.o(i.USART1_IRQHandler)
    __ARM_common_ll_muluu                    0x080034ad   Thumb Code    48  stm32f0xx_hal_rcc.o(i.__ARM_common_ll_muluu)
    __ARM_fpclassify                         0x080034dd   Thumb Code    40  fpclassify.o(i.__ARM_fpclassify)
    __kernel_poly                            0x0800354d   Thumb Code   172  poly.o(i.__kernel_poly)
    __mathlib_dbl_divzero                    0x080035f9   Thumb Code    16  dunder.o(i.__mathlib_dbl_divzero)
    __mathlib_dbl_infnan                     0x0800360d   Thumb Code    10  dunder.o(i.__mathlib_dbl_infnan)
    __mathlib_dbl_infnan2                    0x08003617   Thumb Code     8  dunder.o(i.__mathlib_dbl_infnan2)
    __mathlib_dbl_invalid                    0x0800361f   Thumb Code    16  dunder.o(i.__mathlib_dbl_invalid)
    __mathlib_dbl_overflow                   0x08003631   Thumb Code    16  dunder.o(i.__mathlib_dbl_overflow)
    __mathlib_dbl_underflow                  0x08003645   Thumb Code    14  dunder.o(i.__mathlib_dbl_underflow)
    atan                                     0x08003659   Thumb Code   472  atan.o(i.atan)
    atan2                                    0x08003875   Thumb Code   334  atan2.o(i.atan2)
    main                                     0x080039ed   Thumb Code   884  main.o(i.main)
    pow                                      0x08003d79   Thumb Code  2548  pow.o(i.pow)
    sqrt                                     0x08004775   Thumb Code    66  sqrt.o(i.sqrt)
    __aeabi_cdrcmple                         0x080047bd   Thumb Code     0  drlef.o(x$fpl$drleqf)
    _drcmple                                 0x080047bd   Thumb Code   100  drlef.o(x$fpl$drleqf)
    __aeabi_fadd                             0x08004825   Thumb Code     0  faddsub.o(x$fpl$fadd)
    _fadd                                    0x08004825   Thumb Code   134  faddsub.o(x$fpl$fadd)
    __aeabi_fmul                             0x080048b1   Thumb Code     0  fmul.o(x$fpl$fmul)
    _fmul                                    0x080048b1   Thumb Code   172  fmul.o(x$fpl$fmul)
    __aeabi_fsub                             0x08004961   Thumb Code     0  faddsub.o(x$fpl$fsub)
    _fsub                                    0x08004961   Thumb Code   204  faddsub.o(x$fpl$fsub)
    __I$use$fp                               0x08004a30   Number         0  usenofp.o(x$fpl$usenofp)
    AHBPrescTable                            0x08004a50   Data          16  system_stm32f0xx.o(.constdata)
    APBPrescTable                            0x08004a60   Data           8  system_stm32f0xx.o(.constdata)
    __mathlib_zero                           0x08004c48   Data           8  qnan.o(.constdata)
    Region$$Table$$Base                      0x08004c50   Number         0  anon$$obj.o(Region$$Table)
    Region$$Table$$Limit                     0x08004c70   Number         0  anon$$obj.o(Region$$Table)
    ucAscale                                 0x20000000   Data           1  main.o(.data)
    ucGscale                                 0x20000001   Data           1  main.o(.data)
    ucAODR                                   0x20000002   Data           1  main.o(.data)
    ucGODR                                   0x20000003   Data           1  main.o(.data)
    uiTimeLed                                0x20000004   Data           2  main.o(.data)
    uiTimeLogData                            0x20000006   Data           2  main.o(.data)
    uiTimeReadData                           0x20000008   Data           2  main.o(.data)
    lastTick                                 0x2000000c   Data           4  main.o(.data)
    PI                                       0x20000010   Data           4  main.o(.data)
    fRoll                                    0x20000014   Data           4  main.o(.data)
    fPitch                                   0x20000018   Data           4  main.o(.data)
    ALPHA                                    0x2000001c   Data           4  main.o(.data)
    dt                                       0x20000020   Data           4  main.o(.data)
    aRes                                     0x20000024   Data           4  main.o(.data)
    gRes                                     0x20000028   Data           4  main.o(.data)
    ax                                       0x2000002c   Data           4  main.o(.data)
    ay                                       0x20000030   Data           4  main.o(.data)
    az                                       0x20000034   Data           4  main.o(.data)
    gx                                       0x20000038   Data           4  main.o(.data)
    gy                                       0x2000003c   Data           4  main.o(.data)
    gz                                       0x20000040   Data           4  main.o(.data)
    iASM330LHHXLData                         0x20000044   Data           6  main.o(.data)
    iASM330LHHGData                          0x2000004a   Data           8  main.o(.data)
    uwTickFreq                               0x20000054   Data           1  stm32f0xx_hal.o(.data)
    uwTickPrio                               0x20000058   Data           4  stm32f0xx_hal.o(.data)
    uwTick                                   0x2000005c   Data           4  stm32f0xx_hal.o(.data)
    SystemCoreClock                          0x20000060   Data           4  system_stm32f0xx.o(.data)
    accelBias                                0x20000064   Data          12  main.o(.bss)
    gyroBias                                 0x20000070   Data          12  main.o(.bss)
    hi2c1                                    0x2000007c   Data          84  main.o(.bss)
    huart1                                   0x200000d0   Data         136  main.o(.bss)
    fG                                       0x20000158   Data          12  main.o(.bss)
    ucDataASM330                             0x20000164   Data          14  main.o(.bss)
    ucBufferTemp                             0x20000172   Data         100  main.o(.bss)
    __libspace_start                         0x200001d8   Data          96  libspace.o(.bss)
    __temporary_stack_top$libspace           0x20000238   Data           0  libspace.o(.bss)



==============================================================================

Memory Map of the image

  Image Entry point : 0x080000b5

  Load Region LR_IROM1 (Base: 0x08000000, Size: 0x00004cd4, Max: 0x00010000, ABSOLUTE)

    Execution Region ER_IROM1 (Exec base: 0x08000000, Load base: 0x08000000, Size: 0x00004c70, Max: 0x00010000, ABSOLUTE)

    Exec Addr    Load Addr    Size         Type   Attr      Idx    E Section Name        Object

    0x08000000   0x08000000   0x000000b4   Data   RO            3    RESET               startup_stm32f030x8.o
    0x080000b4   0x080000b4   0x00000008   Code   RO         2231  * !!!main             c_p.l(__main.o)
    0x080000bc   0x080000bc   0x0000003c   Code   RO         2513    !!!scatter          c_p.l(__scatter.o)
    0x080000f8   0x080000f8   0x0000001a   Code   RO         2515    !!handler_copy      c_p.l(__scatter_copy.o)
    0x08000112   0x08000112   0x00000002   PAD
    0x08000114   0x08000114   0x0000001c   Code   RO         2517    !!handler_zi        c_p.l(__scatter_zi.o)
    0x08000130   0x08000130   0x00000002   Code   RO         2379    .ARM.Collect$$libinit$$00000000  c_p.l(libinit.o)
    0x08000132   0x08000132   0x00000000   Code   RO         2394    .ARM.Collect$$libinit$$00000002  c_p.l(libinit2.o)
    0x08000132   0x08000132   0x00000000   Code   RO         2396    .ARM.Collect$$libinit$$00000004  c_p.l(libinit2.o)
    0x08000132   0x08000132   0x00000000   Code   RO         2399    .ARM.Collect$$libinit$$0000000A  c_p.l(libinit2.o)
    0x08000132   0x08000132   0x00000000   Code   RO         2401    .ARM.Collect$$libinit$$0000000C  c_p.l(libinit2.o)
    0x08000132   0x08000132   0x00000000   Code   RO         2403    .ARM.Collect$$libinit$$0000000E  c_p.l(libinit2.o)
    0x08000132   0x08000132   0x00000000   Code   RO         2406    .ARM.Collect$$libinit$$00000011  c_p.l(libinit2.o)
    0x08000132   0x08000132   0x00000000   Code   RO         2408    .ARM.Collect$$libinit$$00000013  c_p.l(libinit2.o)
    0x08000132   0x08000132   0x00000000   Code   RO         2410    .ARM.Collect$$libinit$$00000015  c_p.l(libinit2.o)
    0x08000132   0x08000132   0x00000000   Code   RO         2412    .ARM.Collect$$libinit$$00000017  c_p.l(libinit2.o)
    0x08000132   0x08000132   0x00000000   Code   RO         2414    .ARM.Collect$$libinit$$00000019  c_p.l(libinit2.o)
    0x08000132   0x08000132   0x00000000   Code   RO         2416    .ARM.Collect$$libinit$$0000001B  c_p.l(libinit2.o)
    0x08000132   0x08000132   0x00000000   Code   RO         2418    .ARM.Collect$$libinit$$0000001D  c_p.l(libinit2.o)
    0x08000132   0x08000132   0x00000000   Code   RO         2420    .ARM.Collect$$libinit$$0000001F  c_p.l(libinit2.o)
    0x08000132   0x08000132   0x00000000   Code   RO         2422    .ARM.Collect$$libinit$$00000021  c_p.l(libinit2.o)
    0x08000132   0x08000132   0x00000000   Code   RO         2424    .ARM.Collect$$libinit$$00000023  c_p.l(libinit2.o)
    0x08000132   0x08000132   0x00000000   Code   RO         2426    .ARM.Collect$$libinit$$00000025  c_p.l(libinit2.o)
    0x08000132   0x08000132   0x00000000   Code   RO         2430    .ARM.Collect$$libinit$$0000002C  c_p.l(libinit2.o)
    0x08000132   0x08000132   0x00000000   Code   RO         2432    .ARM.Collect$$libinit$$0000002E  c_p.l(libinit2.o)
    0x08000132   0x08000132   0x00000000   Code   RO         2434    .ARM.Collect$$libinit$$00000030  c_p.l(libinit2.o)
    0x08000132   0x08000132   0x00000000   Code   RO         2436    .ARM.Collect$$libinit$$00000032  c_p.l(libinit2.o)
    0x08000132   0x08000132   0x00000002   Code   RO         2437    .ARM.Collect$$libinit$$00000033  c_p.l(libinit2.o)
    0x08000134   0x08000134   0x00000002   Code   RO         2470    .ARM.Collect$$libshutdown$$00000000  c_p.l(libshutdown.o)
    0x08000136   0x08000136   0x00000000   Code   RO         2496    .ARM.Collect$$libshutdown$$00000002  c_p.l(libshutdown2.o)
    0x08000136   0x08000136   0x00000000   Code   RO         2498    .ARM.Collect$$libshutdown$$00000004  c_p.l(libshutdown2.o)
    0x08000136   0x08000136   0x00000000   Code   RO         2501    .ARM.Collect$$libshutdown$$00000007  c_p.l(libshutdown2.o)
    0x08000136   0x08000136   0x00000000   Code   RO         2504    .ARM.Collect$$libshutdown$$0000000A  c_p.l(libshutdown2.o)
    0x08000136   0x08000136   0x00000000   Code   RO         2506    .ARM.Collect$$libshutdown$$0000000C  c_p.l(libshutdown2.o)
    0x08000136   0x08000136   0x00000000   Code   RO         2509    .ARM.Collect$$libshutdown$$0000000F  c_p.l(libshutdown2.o)
    0x08000136   0x08000136   0x00000002   Code   RO         2510    .ARM.Collect$$libshutdown$$00000010  c_p.l(libshutdown2.o)
    0x08000138   0x08000138   0x00000000   Code   RO         2289    .ARM.Collect$$rtentry$$00000000  c_p.l(__rtentry.o)
    0x08000138   0x08000138   0x00000000   Code   RO         2339    .ARM.Collect$$rtentry$$00000002  c_p.l(__rtentry2.o)
    0x08000138   0x08000138   0x00000006   Code   RO         2351    .ARM.Collect$$rtentry$$00000004  c_p.l(__rtentry4.o)
    0x0800013e   0x0800013e   0x00000000   Code   RO         2341    .ARM.Collect$$rtentry$$00000009  c_p.l(__rtentry2.o)
    0x0800013e   0x0800013e   0x00000004   Code   RO         2342    .ARM.Collect$$rtentry$$0000000A  c_p.l(__rtentry2.o)
    0x08000142   0x08000142   0x00000000   Code   RO         2344    .ARM.Collect$$rtentry$$0000000C  c_p.l(__rtentry2.o)
    0x08000142   0x08000142   0x00000008   Code   RO         2345    .ARM.Collect$$rtentry$$0000000D  c_p.l(__rtentry2.o)
    0x0800014a   0x0800014a   0x00000002   Code   RO         2385    .ARM.Collect$$rtexit$$00000000  c_p.l(rtexit.o)
    0x0800014c   0x0800014c   0x00000000   Code   RO         2443    .ARM.Collect$$rtexit$$00000002  c_p.l(rtexit2.o)
    0x0800014c   0x0800014c   0x00000004   Code   RO         2444    .ARM.Collect$$rtexit$$00000003  c_p.l(rtexit2.o)
    0x08000150   0x08000150   0x00000006   Code   RO         2445    .ARM.Collect$$rtexit$$00000004  c_p.l(rtexit2.o)
    0x08000156   0x08000156   0x00000002   PAD
    0x08000158   0x08000158   0x00000038   Code   RO            4    .text               startup_stm32f030x8.o
    0x08000190   0x08000190   0x00000102   Code   RO         2221    .text               c_p.l(lludiv.o)
    0x08000292   0x08000292   0x00000040   Code   RO         2223    .text               c_p.l(rt_memclr.o)
    0x080002d2   0x080002d2   0x0000015a   Code   RO         2225    .text               c_p.l(aeabi_sdiv.o)
    0x0800042c   0x0800042c   0x00000006   Code   RO         2229    .text               c_p.l(heapauxi.o)
    0x08000432   0x08000432   0x00000002   PAD
    0x08000434   0x08000434   0x0000007c   Code   RO         2233    .text               fz_ps.l(d2f.o)
    0x080004b0   0x080004b0   0x00000358   Code   RO         2235    .text               fz_ps.l(daddsub.o)
    0x08000808   0x08000808   0x00000448   Code   RO         2237    .text               fz_ps.l(ddiv.o)
    0x08000c50   0x08000c50   0x00000248   Code   RO         2240    .text               fz_ps.l(dmul.o)
    0x08000e98   0x08000e98   0x00000060   Code   RO         2242    .text               fz_ps.l(dscalbn.o)
    0x08000ef8   0x08000ef8   0x00000054   Code   RO         2244    .text               fz_ps.l(f2d.o)
    0x08000f4c   0x08000f4c   0x00000160   Code   RO         2252    .text               fz_ps.l(fdiv.o)
    0x080010ac   0x080010ac   0x0000004c   Code   RO         2255    .text               fz_ps.l(ffixi.o)
    0x080010f8   0x080010f8   0x0000005e   Code   RO         2257    .text               fz_ps.l(fflti.o)
    0x08001156   0x08001156   0x00000002   PAD
    0x08001158   0x08001158   0x00000044   Code   RO         2261    .text               fz_ps.l(fscalbn.o)
    0x0800119c   0x0800119c   0x00000016   Code   RO         2298    .text               c_p.l(_rserrno.o)
    0x080011b2   0x080011b2   0x00000058   Code   RO         2300    .text               fz_ps.l(dflti.o)
    0x0800120a   0x0800120a   0x00000002   PAD
    0x0800120c   0x0800120c   0x00000100   Code   RO         2306    .text               fz_ps.l(dsqrt.o)
    0x0800130c   0x0800130c   0x00000008   Code   RO         2358    .text               c_p.l(rt_errno_addr_intlibspace.o)
    0x08001314   0x08001314   0x00000090   Code   RO         2360    .text               fz_ps.l(dcmpin.o)
    0x080013a4   0x080013a4   0x00000008   Code   RO         2362    .text               c_p.l(libspace.o)
    0x080013ac   0x080013ac   0x0000003e   Code   RO         2365    .text               c_p.l(sys_stackheap_outer.o)
    0x080013ea   0x080013ea   0x00000010   Code   RO         2368    .text               c_p.l(exit.o)
    0x080013fa   0x080013fa   0x0000002e   Code   RO         2380    .text               fz_ps.l(cmpret.o)
    0x08001428   0x08001428   0x00000014   Code   RO         2382    .text               fz_ps.l(dnan2.o)
    0x0800143c   0x0800143c   0x0000005e   Code   RO         2438    .text               fz_ps.l(retnan.o)
    0x0800149a   0x0800149a   0x00000002   PAD
    0x0800149c   0x0800149c   0x0000000c   Code   RO         2440    .text               c_p.l(sys_exit.o)
    0x080014a8   0x080014a8   0x00000002   Code   RO         2459    .text               c_p.l(use_no_semi.o)
    0x080014aa   0x080014aa   0x00000000   Code   RO         2461    .text               c_p.l(indicate_semi.o)
    0x080014aa   0x080014aa   0x00000028   Code   RO           13    i.GetAres           main.o
    0x080014d2   0x080014d2   0x00000002   PAD
    0x080014d4   0x080014d4   0x00000030   Code   RO           14    i.GetGres           main.o
    0x08001504   0x08001504   0x00000024   Code   RO          973    i.HAL_Delay         stm32f0xx_hal.o
    0x08001528   0x08001528   0x000001a4   Code   RO         1129    i.HAL_GPIO_Init     stm32f0xx_hal_gpio.o
    0x080016cc   0x080016cc   0x0000000c   Code   RO         1133    i.HAL_GPIO_WritePin  stm32f0xx_hal_gpio.o
    0x080016d8   0x080016d8   0x0000000c   Code   RO          977    i.HAL_GetTick       stm32f0xx_hal.o
    0x080016e4   0x080016e4   0x0000004a   Code   RO          803    i.HAL_I2CEx_ConfigAnalogFilter  stm32f0xx_hal_i2c_ex.o
    0x0800172e   0x0800172e   0x00000048   Code   RO          804    i.HAL_I2CEx_ConfigDigitalFilter  stm32f0xx_hal_i2c_ex.o
    0x08001776   0x08001776   0x00000002   PAD
    0x08001778   0x08001778   0x000000bc   Code   RO          346    i.HAL_I2C_Init      stm32f0xx_hal_i2c.o
    0x08001834   0x08001834   0x00000150   Code   RO          364    i.HAL_I2C_Mem_Read  stm32f0xx_hal_i2c.o
    0x08001984   0x08001984   0x0000014c   Code   RO          367    i.HAL_I2C_Mem_Write  stm32f0xx_hal_i2c.o
    0x08001ad0   0x08001ad0   0x00000064   Code   RO          292    i.HAL_I2C_MspInit   stm32f0xx_hal_msp.o
    0x08001b34   0x08001b34   0x00000010   Code   RO          983    i.HAL_IncTick       stm32f0xx_hal.o
    0x08001b44   0x08001b44   0x00000020   Code   RO          984    i.HAL_Init          stm32f0xx_hal.o
    0x08001b64   0x08001b64   0x00000044   Code   RO          985    i.HAL_InitTick      stm32f0xx_hal.o
    0x08001ba8   0x08001ba8   0x00000028   Code   RO          293    i.HAL_MspInit       stm32f0xx_hal_msp.o
    0x08001bd0   0x08001bd0   0x00000018   Code   RO         1288    i.HAL_NVIC_EnableIRQ  stm32f0xx_hal_cortex.o
    0x08001be8   0x08001be8   0x00000008   Code   RO         1292    i.HAL_NVIC_SetPriority  stm32f0xx_hal_cortex.o
    0x08001bf0   0x08001bf0   0x000000e8   Code   RO          938    i.HAL_RCCEx_PeriphCLKConfig  stm32f0xx_hal_rcc_ex.o
    0x08001cd8   0x08001cd8   0x00000108   Code   RO          842    i.HAL_RCC_ClockConfig  stm32f0xx_hal_rcc.o
    0x08001de0   0x08001de0   0x00000020   Code   RO          849    i.HAL_RCC_GetPCLK1Freq  stm32f0xx_hal_rcc.o
    0x08001e00   0x08001e00   0x00000054   Code   RO          850    i.HAL_RCC_GetSysClockFreq  stm32f0xx_hal_rcc.o
    0x08001e54   0x08001e54   0x00000388   Code   RO          853    i.HAL_RCC_OscConfig  stm32f0xx_hal_rcc.o
    0x080021dc   0x080021dc   0x00000030   Code   RO         1296    i.HAL_SYSTICK_Config  stm32f0xx_hal_cortex.o
    0x0800220c   0x0800220c   0x0000006a   Code   RO         1783    i.HAL_UART_Init     stm32f0xx_hal_uart.o
    0x08002276   0x08002276   0x00000002   PAD
    0x08002278   0x08002278   0x00000074   Code   RO          295    i.HAL_UART_MspInit  stm32f0xx_hal_msp.o
    0x080022ec   0x080022ec   0x00000002   Code   RO          250    i.HardFault_Handler  stm32f0xx_it.o
    0x080022ee   0x080022ee   0x00000022   Code   RO          393    i.I2C_Flush_TXDR    stm32f0xx_hal_i2c.o
    0x08002310   0x08002310   0x00000110   Code   RO          401    i.I2C_IsErrorOccurred  stm32f0xx_hal_i2c.o
    0x08002420   0x08002420   0x00000060   Code   RO          406    i.I2C_RequestMemoryRead  stm32f0xx_hal_i2c.o
    0x08002480   0x08002480   0x00000060   Code   RO          407    i.I2C_RequestMemoryWrite  stm32f0xx_hal_i2c.o
    0x080024e0   0x080024e0   0x0000002c   Code   RO          410    i.I2C_TransferConfig  stm32f0xx_hal_i2c.o
    0x0800250c   0x0800250c   0x00000072   Code   RO          412    i.I2C_WaitOnFlagUntilTimeout  stm32f0xx_hal_i2c.o
    0x0800257e   0x0800257e   0x00000056   Code   RO          414    i.I2C_WaitOnSTOPFlagUntilTimeout  stm32f0xx_hal_i2c.o
    0x080025d4   0x080025d4   0x0000005a   Code   RO          415    i.I2C_WaitOnTXISFlagUntilTimeout  stm32f0xx_hal_i2c.o
    0x0800262e   0x0800262e   0x00000002   PAD
    0x08002630   0x08002630   0x000000ec   Code   RO           15    i.Init              main.o
    0x0800271c   0x0800271c   0x0000007c   Code   RO           16    i.MX_GPIO_Init      main.o
    0x08002798   0x08002798   0x00000058   Code   RO           17    i.MX_I2C1_Init      main.o
    0x080027f0   0x080027f0   0x00000044   Code   RO           18    i.MX_USART1_UART_Init  main.o
    0x08002834   0x08002834   0x00000002   Code   RO          251    i.NMI_Handler       stm32f0xx_it.o
    0x08002836   0x08002836   0x00000002   PAD
    0x08002838   0x08002838   0x00000184   Code   RO           19    i.OffsetBias        main.o
    0x080029bc   0x080029bc   0x00000002   Code   RO          252    i.PendSV_Handler    stm32f0xx_it.o
    0x080029be   0x080029be   0x00000002   PAD
    0x080029c0   0x080029c0   0x00000040   Code   RO           20    i.ReadData          main.o
    0x08002a00   0x08002a00   0x00000034   Code   RO           21    i.ReadGData         main.o
    0x08002a34   0x08002a34   0x00000030   Code   RO           22    i.ReadXLData        main.o
    0x08002a64   0x08002a64   0x00000040   Code   RO           23    i.Reset             main.o
    0x08002aa4   0x08002aa4   0x00000002   Code   RO          253    i.SVC_Handler       stm32f0xx_it.o
    0x08002aa6   0x08002aa6   0x00000002   PAD
    0x08002aa8   0x08002aa8   0x00000520   Code   RO           24    i.SelfTest          main.o
    0x08002fc8   0x08002fc8   0x0000001c   Code   RO           25    i.SendByteToUSART1  main.o
    0x08002fe4   0x08002fe4   0x00000052   Code   RO           26    i.SendDataToPC      main.o
    0x08003036   0x08003036   0x00000002   PAD
    0x08003038   0x08003038   0x0000002c   Code   RO           27    i.SysTick_Handler   main.o
    0x08003064   0x08003064   0x00000076   Code   RO           28    i.SystemClock_Config  main.o
    0x080030da   0x080030da   0x00000002   Code   RO         2186    i.SystemInit        system_stm32f0xx.o
    0x080030dc   0x080030dc   0x000000ca   Code   RO         1797    i.UART_AdvFeatureConfig  stm32f0xx_hal_uart.o
    0x080031a6   0x080031a6   0x00000002   PAD
    0x080031a8   0x080031a8   0x000000c4   Code   RO         1798    i.UART_CheckIdleState  stm32f0xx_hal_uart.o
    0x0800326c   0x0800326c   0x00000060   Code   RO         1809    i.UART_EndRxTransfer  stm32f0xx_hal_uart.o
    0x080032cc   0x080032cc   0x00000130   Code   RO         1813    i.UART_SetConfig    stm32f0xx_hal_uart.o
    0x080033fc   0x080033fc   0x00000096   Code   RO         1818    i.UART_WaitOnFlagUntilTimeout  stm32f0xx_hal_uart.o
    0x08003492   0x08003492   0x00000002   PAD
    0x08003494   0x08003494   0x00000018   Code   RO           29    i.USART1_IRQHandler  main.o
    0x080034ac   0x080034ac   0x00000030   Code   RO          928    i.__ARM_common_ll_muluu  stm32f0xx_hal_rcc.o
    0x080034dc   0x080034dc   0x0000002c   Code   RO         2333    i.__ARM_fpclassify  m_ps.l(fpclassify.o)
    0x08003508   0x08003508   0x00000044   Code   RO         1298    i.__NVIC_SetPriority  stm32f0xx_hal_cortex.o
    0x0800354c   0x0800354c   0x000000ac   Code   RO         2335    i.__kernel_poly     m_ps.l(poly.o)
    0x080035f8   0x080035f8   0x00000014   Code   RO         2319    i.__mathlib_dbl_divzero  m_ps.l(dunder.o)
    0x0800360c   0x0800360c   0x0000000a   Code   RO         2320    i.__mathlib_dbl_infnan  m_ps.l(dunder.o)
    0x08003616   0x08003616   0x00000008   Code   RO         2321    i.__mathlib_dbl_infnan2  m_ps.l(dunder.o)
    0x0800361e   0x0800361e   0x00000010   Code   RO         2322    i.__mathlib_dbl_invalid  m_ps.l(dunder.o)
    0x0800362e   0x0800362e   0x00000002   PAD
    0x08003630   0x08003630   0x00000014   Code   RO         2323    i.__mathlib_dbl_overflow  m_ps.l(dunder.o)
    0x08003644   0x08003644   0x00000014   Code   RO         2325    i.__mathlib_dbl_underflow  m_ps.l(dunder.o)
    0x08003658   0x08003658   0x0000021c   Code   RO         2310    i.atan              m_ps.l(atan.o)
    0x08003874   0x08003874   0x00000178   Code   RO         2264    i.atan2             m_ps.l(atan2.o)
    0x080039ec   0x080039ec   0x0000038c   Code   RO           30    i.main              main.o
    0x08003d78   0x08003d78   0x000009fc   Code   RO         2272    i.pow               m_ps.l(pow.o)
    0x08004774   0x08004774   0x00000048   Code   RO         2282    i.sqrt              m_ps.l(sqrt.o)
    0x080047bc   0x080047bc   0x00000068   Code   RO         2304    x$fpl$drleqf        fz_ps.l(drlef.o)
    0x08004824   0x08004824   0x0000008c   Code   RO         2246    x$fpl$fadd          fz_ps.l(faddsub.o)
    0x080048b0   0x080048b0   0x000000b0   Code   RO         2259    x$fpl$fmul          fz_ps.l(fmul.o)
    0x08004960   0x08004960   0x000000d0   Code   RO         2248    x$fpl$fsub          fz_ps.l(faddsub.o)
    0x08004a30   0x08004a30   0x00000000   Code   RO         2308    x$fpl$usenofp       fz_ps.l(usenofp.o)
    0x08004a30   0x08004a30   0x00000020   Data   RO          854    .constdata          stm32f0xx_hal_rcc.o
    0x08004a50   0x08004a50   0x00000010   Data   RO         2187    .constdata          system_stm32f0xx.o
    0x08004a60   0x08004a60   0x00000008   Data   RO         2188    .constdata          system_stm32f0xx.o
    0x08004a68   0x08004a68   0x00000080   Data   RO         2238    .constdata          fz_ps.l(ddiv.o)
    0x08004ae8   0x08004ae8   0x00000040   Data   RO         2253    .constdata          fz_ps.l(fdiv.o)
    0x08004b28   0x08004b28   0x00000088   Data   RO         2273    .constdata          m_ps.l(pow.o)
    0x08004bb0   0x08004bb0   0x00000098   Data   RO         2311    .constdata          m_ps.l(atan.o)
    0x08004c48   0x08004c48   0x00000008   Data   RO         2337    .constdata          m_ps.l(qnan.o)
    0x08004c50   0x08004c50   0x00000020   Data   RO         2511    Region$$Table       anon$$obj.o


    Execution Region RW_IRAM1 (Exec base: 0x20000000, Load base: 0x08004c70, Size: 0x00000838, Max: 0x00002000, ABSOLUTE)

    Exec Addr    Load Addr    Size         Type   Attr      Idx    E Section Name        Object

    0x20000000   0x08004c70   0x00000052   Data   RW           33    .data               main.o
    0x20000052   0x08004cc2   0x00000002   PAD
    0x20000054   0x08004cc4   0x0000000c   Data   RW          991    .data               stm32f0xx_hal.o
    0x20000060   0x08004cd0   0x00000004   Data   RW         2189    .data               system_stm32f0xx.o
    0x20000064        -       0x00000172   Zero   RW           31    .bss                main.o
    0x200001d6   0x08004cd4   0x00000002   PAD
    0x200001d8        -       0x00000060   Zero   RW         2363    .bss                c_p.l(libspace.o)
    0x20000238        -       0x00000200   Zero   RW            2    HEAP                startup_stm32f030x8.o
    0x20000438        -       0x00000400   Zero   RW            1    STACK               startup_stm32f030x8.o


==============================================================================

Image component sizes


      Code (inc. data)   RO Data    RW Data    ZI Data      Debug   Object Name

      3736        148          0         82        370     262461   main.o
        56         26        180          0       1536        664   startup_stm32f030x8.o
       164         30          0         12          0       8097   stm32f0xx_hal.o
       148         24          0          0          0      10437   stm32f0xx_hal_cortex.o
       432         24          0          0          0       2204   stm32f0xx_hal_gpio.o
      1688         40          0          0          0      12246   stm32f0xx_hal_i2c.o
       146          0          0          0          0       1979   stm32f0xx_hal_i2c_ex.o
       256         28          0          0          0       2311   stm32f0xx_hal_msp.o
      1332         64         32          0          0       4721   stm32f0xx_hal_rcc.o
       232         14          0          0          0       1412   stm32f0xx_hal_rcc_ex.o
      1054         30          0          0          0       9301   stm32f0xx_hal_uart.o
         8          0          0          0          0       1781   stm32f0xx_it.o
         2          0         24          4          0       1187   system_stm32f0xx.o

    ----------------------------------------------------------------------
      9274        428        268        100       1908     318801   Object Totals
         0          0         32          0          0          0   (incl. Generated)
        20          0          0          2          2          0   (incl. Padding)

    ----------------------------------------------------------------------

      Code (inc. data)   RO Data    RW Data    ZI Data      Debug   Library Member Name

         8          0          0          0          0         68   __main.o
         0          0          0          0          0          0   __rtentry.o
        12          0          0          0          0          0   __rtentry2.o
         6          0          0          0          0          0   __rtentry4.o
        60          8          0          0          0          0   __scatter.o
        26          0          0          0          0          0   __scatter_copy.o
        28          0          0          0          0          0   __scatter_zi.o
        22          0          0          0          0         92   _rserrno.o
       346          0          0          0          0         92   aeabi_sdiv.o
        16          0          0          0          0         68   exit.o
         6          0          0          0          0        136   heapauxi.o
         0          0          0          0          0          0   indicate_semi.o
         2          0          0          0          0          0   libinit.o
         2          0          0          0          0          0   libinit2.o
         2          0          0          0          0          0   libshutdown.o
         2          0          0          0          0          0   libshutdown2.o
         8          4          0          0         96         68   libspace.o
       258          0          0          0          0         88   lludiv.o
         8          4          0          0          0         68   rt_errno_addr_intlibspace.o
        64          0          0          0          0        108   rt_memclr.o
         2          0          0          0          0          0   rtexit.o
        10          0          0          0          0          0   rtexit2.o
        12          4          0          0          0         60   sys_exit.o
        62          0          0          0          0         80   sys_stackheap_outer.o
         2          0          0          0          0         68   use_no_semi.o
        46          0          0          0          0         60   cmpret.o
       124          4          0          0          0         72   d2f.o
       856         20          0          0          0        208   daddsub.o
       144          4          0          0          0         76   dcmpin.o
      1096         26        128          0          0        112   ddiv.o
        88          0          0          0          0         92   dflti.o
       584         26          0          0          0         84   dmul.o
        20          6          0          0          0         68   dnan2.o
       104          4          0          0          0        104   drlef.o
        96         12          0          0          0         72   dscalbn.o
       256          8          0          0          0         76   dsqrt.o
        84          4          0          0          0         60   f2d.o
       348          8          0          0          0        160   faddsub.o
       352         10         64          0          0         92   fdiv.o
        76          0          0          0          0         68   ffixi.o
        94          0          0          0          0         92   fflti.o
       176          4          0          0          0         80   fmul.o
        68          4          0          0          0         68   fscalbn.o
        94          0          0          0          0         68   retnan.o
         0          0          0          0          0          0   usenofp.o
       540         68        152          0          0        112   atan.o
       376         42          0          0          0        144   atan2.o
        94         14          0          0          0        408   dunder.o
        44          4          0          0          0         60   fpclassify.o
       172          0          0          0          0         76   poly.o
      2556        196        136          0          0        240   pow.o
         0          0          8          0          0          0   qnan.o
        72          6          0          0          0         76   sqrt.o

    ----------------------------------------------------------------------
      9538        490        488          0         96       3824   Library Totals
        14          0          0          0          0          0   (incl. Padding)

    ----------------------------------------------------------------------

      Code (inc. data)   RO Data    RW Data    ZI Data      Debug   Library Name

       964         20          0          0         96        996   c_p.l
      4706        140        192          0          0       1712   fz_ps.l
      3854        330        296          0          0       1116   m_ps.l

    ----------------------------------------------------------------------
      9538        490        488          0         96       3824   Library Totals

    ----------------------------------------------------------------------

==============================================================================


      Code (inc. data)   RO Data    RW Data    ZI Data      Debug   

     18812        918        756        100       2004     318305   Grand Totals
     18812        918        756        100       2004     318305   ELF Image Totals
     18812        918        756        100          0          0   ROM Totals

==============================================================================

    Total RO  Size (Code + RO Data)                19568 (  19.11kB)
    Total RW  Size (RW Data + ZI Data)              2104 (   2.05kB)
    Total ROM Size (Code + RO Data + RW Data)      19668 (  19.21kB)

==============================================================================

