Removed Pin From Net: NetName=NetC10_1 Pin=Z1-1
Removed Pin From Net: NetName=+12 Pin=Z1-2
Removed Pin From Net: NetName=NetC13_1 Pin=Z2-1
Removed Pin From Net: NetName=+12 Pin=Z2-2
Change Component Footprint: Designator= Old Footprint=TSSOP-20 New Footprint=SOP65P640X120-20N
Added Component: Designator=*(RFID RC522)
Added Component: Designator=D3(DIODE SMA 1)
Add component (AddParameter): Name = "Check_prices"; Value = "https://www.snapeda.com/parts/1N4148/Multicomp/view-part/?ref=eda"; VariantName = "[No Variations]"
Add component (AddParameter): Name = "MF"; Value = "Multicomp"; VariantName = "[No Variations]"
Add component (AddParameter): Name = "MP"; Value = "1N4148"; VariantName = "[No Variations]"
Add component (AddParameter): Name = "Package"; Value = "DO-204 Multicomp"; VariantName = "[No Variations]"
Add component (AddParameter): Name = "SnapEDA_Link"; Value = "https://www.snapeda.com/parts/1N4148/Multicomp/view-part/?ref=snap"; VariantName = "[No Variations]"
Add component (AddParameter): Name = "Value"; Value = ""; VariantName = "[No Variations]"
Added Component: Designator=D4(DIODE SMA 1)
Add component (AddParameter): Name = "Check_prices"; Value = "https://www.snapeda.com/parts/1N4148/Multicomp/view-part/?ref=eda"; VariantName = "[No Variations]"
Add component (AddParameter): Name = "MF"; Value = "Multicomp"; VariantName = "[No Variations]"
Add component (AddParameter): Name = "MP"; Value = "1N4148"; VariantName = "[No Variations]"
Add component (AddParameter): Name = "Package"; Value = "DO-204 Multicomp"; VariantName = "[No Variations]"
Add component (AddParameter): Name = "SnapEDA_Link"; Value = "https://www.snapeda.com/parts/1N4148/Multicomp/view-part/?ref=snap"; VariantName = "[No Variations]"
Add component (AddParameter): Name = "Value"; Value = ""; VariantName = "[No Variations]"
Add Pin To Net: Unknown Pin: Pin D3-A
Add Pin To Net: Unknown Pin: Pin D3-K
Add Pin To Net: Unknown Pin: Pin D4-A
Add Pin To Net: Unknown Pin: Pin D4-K
